Component: ARM Compiler 5.06 update 7 (build 960) Tool: armlink [4d3601]

==============================================================================

Section Cross References

    startup_stm32f103xe.o(STACK) refers (Special) to heapauxi.o(.text) for __use_two_region_memory
    startup_stm32f103xe.o(HEAP) refers (Special) to heapauxi.o(.text) for __use_two_region_memory
    startup_stm32f103xe.o(RESET) refers (Special) to heapauxi.o(.text) for __use_two_region_memory
    startup_stm32f103xe.o(RESET) refers to startup_stm32f103xe.o(STACK) for __initial_sp
    startup_stm32f103xe.o(RESET) refers to startup_stm32f103xe.o(.text) for Reset_Handler
    startup_stm32f103xe.o(RESET) refers to stm32f1xx_it.o(i.NMI_Handler) for NMI_Handler
    startup_stm32f103xe.o(RESET) refers to stm32f1xx_it.o(i.HardFault_Handler) for HardFault_Handler
    startup_stm32f103xe.o(RESET) refers to stm32f1xx_it.o(i.MemManage_Handler) for MemManage_Handler
    startup_stm32f103xe.o(RESET) refers to stm32f1xx_it.o(i.BusFault_Handler) for BusFault_Handler
    startup_stm32f103xe.o(RESET) refers to stm32f1xx_it.o(i.UsageFault_Handler) for UsageFault_Handler
    startup_stm32f103xe.o(RESET) refers to port.o(.emb_text) for SVC_Handler
    startup_stm32f103xe.o(RESET) refers to stm32f1xx_it.o(i.DebugMon_Handler) for DebugMon_Handler
    startup_stm32f103xe.o(RESET) refers to port.o(i.SysTick_Handler) for SysTick_Handler
    startup_stm32f103xe.o(RESET) refers to stm32f1xx_it.o(i.USART1_IRQHandler) for USART1_IRQHandler
    startup_stm32f103xe.o(RESET) refers to stm32f1xx_it.o(i.TIM6_IRQHandler) for TIM6_IRQHandler
    startup_stm32f103xe.o(.text) refers (Special) to heapauxi.o(.text) for __use_two_region_memory
    startup_stm32f103xe.o(.text) refers to system_stm32f1xx.o(i.SystemInit) for SystemInit
    startup_stm32f103xe.o(.text) refers to __main.o(!!!main) for __main
    startup_stm32f103xe.o(.text) refers to startup_stm32f103xe.o(HEAP) for Heap_Mem
    startup_stm32f103xe.o(.text) refers to startup_stm32f103xe.o(STACK) for Stack_Mem
    main.o(i.HAL_TIM_PeriodElapsedCallback) refers to stm32f1xx_hal.o(i.HAL_IncTick) for HAL_IncTick
    main.o(i.SystemClock_Config) refers to rt_memclr_w.o(.text) for __aeabi_memclr4
    main.o(i.SystemClock_Config) refers to stm32f1xx_hal_rcc.o(i.HAL_RCC_OscConfig) for HAL_RCC_OscConfig
    main.o(i.SystemClock_Config) refers to stm32f1xx_hal_rcc.o(i.HAL_RCC_ClockConfig) for HAL_RCC_ClockConfig
    main.o(i.main) refers to stm32f1xx_hal.o(i.HAL_Init) for HAL_Init
    main.o(i.main) refers to main.o(i.SystemClock_Config) for SystemClock_Config
    main.o(i.main) refers to gpio.o(i.MX_GPIO_Init) for MX_GPIO_Init
    main.o(i.main) refers to usart.o(i.MX_USART1_UART_Init) for MX_USART1_UART_Init
    main.o(i.main) refers to i2c.o(i.MX_I2C1_Init) for MX_I2C1_Init
    main.o(i.main) refers to stm32f1xx_hal_uart.o(i.HAL_UART_Transmit) for HAL_UART_Transmit
    main.o(i.main) refers to i2c.o(i.I2C_EEPROM_WRTest) for I2C_EEPROM_WRTest
    main.o(i.main) refers to cmsis_os2.o(i.osKernelInitialize) for osKernelInitialize
    main.o(i.main) refers to freertos.o(i.MX_FREERTOS_Init) for MX_FREERTOS_Init
    main.o(i.main) refers to cmsis_os2.o(i.osKernelStart) for osKernelStart
    main.o(i.main) refers to stm32f1xx_hal.o(i.HAL_Delay) for HAL_Delay
    main.o(i.main) refers to usart.o(.bss) for huart1
    gpio.o(i.MX_GPIO_Init) refers to stm32f1xx_hal_gpio.o(i.HAL_GPIO_WritePin) for HAL_GPIO_WritePin
    gpio.o(i.MX_GPIO_Init) refers to stm32f1xx_hal_gpio.o(i.HAL_GPIO_Init) for HAL_GPIO_Init
    freertos.o(i.MX_FREERTOS_Init) refers to cmsis_os2.o(i.osThreadNew) for osThreadNew
    freertos.o(i.MX_FREERTOS_Init) refers to tasks.o(i.xTaskCreate) for xTaskCreate
    freertos.o(i.MX_FREERTOS_Init) refers to freertos.o(.constdata) for .constdata
    freertos.o(i.MX_FREERTOS_Init) refers to freertos.o(i.StartDefaultTask) for StartDefaultTask
    freertos.o(i.MX_FREERTOS_Init) refers to freertos.o(.data) for .data
    freertos.o(i.MX_FREERTOS_Init) refers to freertos.o(i.myTask) for myTask
    freertos.o(i.StartDefaultTask) refers to cmsis_os2.o(i.osDelay) for osDelay
    freertos.o(i.myTask) refers to stm32f1xx_hal_uart.o(i.HAL_UART_Transmit) for HAL_UART_Transmit
    freertos.o(i.myTask) refers to stm32f1xx_hal_gpio.o(i.HAL_GPIO_TogglePin) for HAL_GPIO_TogglePin
    freertos.o(i.myTask) refers to tasks.o(i.vTaskDelay) for vTaskDelay
    freertos.o(i.myTask) refers to usart.o(.bss) for huart1
    freertos.o(.constdata) refers to freertos.o(.conststring) for .conststring
    i2c.o(i.HAL_I2C_MspDeInit) refers to stm32f1xx_hal_gpio.o(i.HAL_GPIO_DeInit) for HAL_GPIO_DeInit
    i2c.o(i.HAL_I2C_MspInit) refers to stm32f1xx_hal_gpio.o(i.HAL_GPIO_Init) for HAL_GPIO_Init
    i2c.o(i.I2C_EEPROM_BuffRead) refers to stm32f1xx_hal_i2c.o(i.HAL_I2C_Mem_Read) for HAL_I2C_Mem_Read
    i2c.o(i.I2C_EEPROM_BuffRead) refers to stm32f1xx_hal_uart.o(i.HAL_UART_Transmit) for HAL_UART_Transmit
[...]
    .text                                    0x08000392   Section      100  rt_memcpy_w.o(.text)
    .text                                    0x080003f6   Section       68  rt_memclr.o(.text)
    .text                                    0x0800043a   Section       74  sys_stackheap_outer.o(.text)
    .text                                    0x08000484   Section        0  exit.o(.text)
    .text                                    0x08000498   Section        8  libspace.o(.text)
    .text                                    0x080004a0   Section        0  sys_exit.o(.text)
    .text                                    0x080004ac   Section        2  use_no_semi.o(.text)
    .text                                    0x080004ae   Section        0  indicate_semi.o(.text)
    i.BusFault_Handler                       0x080004ae   Section        0  stm32f1xx_it.o(i.BusFault_Handler)
    i.DebugMon_Handler                       0x080004b0   Section        0  stm32f1xx_it.o(i.DebugMon_Handler)
    i.Error_Handler                          0x080004b2   Section        0  main.o(i.Error_Handler)
    i.HAL_DMA_Abort                          0x080004b6   Section        0  stm32f1xx_hal_dma.o(i.HAL_DMA_Abort)
    i.HAL_DMA_Abort_IT                       0x080004fc   Section        0  stm32f1xx_hal_dma.o(i.HAL_DMA_Abort_IT)
    i.HAL_Delay                              0x0800062c   Section        0  stm32f1xx_hal.o(i.HAL_Delay)
    i.HAL_GPIO_Init                          0x08000650   Section        0  stm32f1xx_hal_gpio.o(i.HAL_GPIO_Init)
    i.HAL_GPIO_TogglePin                     0x08000848   Section        0  stm32f1xx_hal_gpio.o(i.HAL_GPIO_TogglePin)
    i.HAL_GPIO_WritePin                      0x08000858   Section        0  stm32f1xx_hal_gpio.o(i.HAL_GPIO_WritePin)
    i.HAL_GetTick                            0x08000864   Section        0  stm32f1xx_hal.o(i.HAL_GetTick)
    i.HAL_I2C_GetState                       0x08000870   Section        0  stm32f1xx_hal_i2c.o(i.HAL_I2C_GetState)
    i.HAL_I2C_Init                           0x08000878   Section        0  stm32f1xx_hal_i2c.o(i.HAL_I2C_Init)
    i.HAL_I2C_IsDeviceReady                  0x08000a00   Section        0  stm32f1xx_hal_i2c.o(i.HAL_I2C_IsDeviceReady)
    i.HAL_I2C_Mem_Read                       0x08000b6c   Section        0  stm32f1xx_hal_i2c.o(i.HAL_I2C_Mem_Read)
    i.HAL_I2C_Mem_Write                      0x08000dbc   Section        0  stm32f1xx_hal_i2c.o(i.HAL_I2C_Mem_Write)
    i.HAL_I2C_MspInit                        0x08000eec   Section        0  i2c.o(i.HAL_I2C_MspInit)
    i.HAL_IncTick                            0x08000f48   Section        0  stm32f1xx_hal.o(i.HAL_IncTick)
    i.HAL_Init                               0x08000f58   Section        0  stm32f1xx_hal.o(i.HAL_Init)
    i.HAL_InitTick                           0x08000f7c   Section        0  stm32f1xx_hal_timebase_tim.o(i.HAL_InitTick)
    i.HAL_MspInit                            0x08001014   Section        0  stm32f1xx_hal_msp.o(i.HAL_MspInit)
    i.HAL_NVIC_EnableIRQ                     0x08001058   Section        0  stm32f1xx_hal_cortex.o(i.HAL_NVIC_EnableIRQ)
    i.HAL_NVIC_SetPriority                   0x08001074   Section        0  stm32f1xx_hal_cortex.o(i.HAL_NVIC_SetPriority)
    i.HAL_NVIC_SetPriorityGrouping           0x080010b4   Section        0  stm32f1xx_hal_cortex.o(i.HAL_NVIC_SetPriorityGrouping)
    i.HAL_RCC_ClockConfig                    0x080010d8   Section        0  stm32f1xx_hal_rcc.o(i.HAL_RCC_ClockConfig)
    i.HAL_RCC_GetClockConfig                 0x08001204   Section        0  stm32f1xx_hal_rcc.o(i.HAL_RCC_GetClockConfig)
    i.HAL_RCC_GetPCLK1Freq                   0x08001244   Section        0  stm32f1xx_hal_rcc.o(i.HAL_RCC_GetPCLK1Freq)
    i.HAL_RCC_GetPCLK2Freq                   0x08001264   Section        0  stm32f1xx_hal_rcc.o(i.HAL_RCC_GetPCLK2Freq)
    i.HAL_RCC_GetSysClockFreq                0x08001284   Section        0  stm32f1xx_hal_rcc.o(i.HAL_RCC_GetSysClockFreq)
    i.HAL_RCC_OscConfig                      0x080012d0   Section        0  stm32f1xx_hal_rcc.o(i.HAL_RCC_OscConfig)
    i.HAL_TIMEx_BreakCallback                0x080015f0   Section        0  stm32f1xx_hal_tim_ex.o(i.HAL_TIMEx_BreakCallback)
    i.HAL_TIMEx_CommutCallback               0x080015f2   Section        0  stm32f1xx_hal_tim_ex.o(i.HAL_TIMEx_CommutCallback)
    i.HAL_TIM_Base_Init                      0x080015f4   Section        0  stm32f1xx_hal_tim.o(i.HAL_TIM_Base_Init)
    i.HAL_TIM_Base_MspInit                   0x0800164e   Section        0  stm32f1xx_hal_tim.o(i.HAL_TIM_Base_MspInit)
    i.HAL_TIM_Base_Start_IT                  0x08001650   Section        0  stm32f1xx_hal_tim.o(i.HAL_TIM_Base_Start_IT)
    i.HAL_TIM_IC_CaptureCallback             0x080016bc   Section        0  stm32f1xx_hal_tim.o(i.HAL_TIM_IC_CaptureCallback)
    i.HAL_TIM_IRQHandler                     0x080016be   Section        0  stm32f1xx_hal_tim.o(i.HAL_TIM_IRQHandler)
    i.HAL_TIM_OC_DelayElapsedCallback        0x08001824   Section        0  stm32f1xx_hal_tim.o(i.HAL_TIM_OC_DelayElapsedCallback)
    i.HAL_TIM_PWM_PulseFinishedCallback      0x08001826   Section        0  stm32f1xx_hal_tim.o(i.HAL_TIM_PWM_PulseFinishedCallback)
    i.HAL_TIM_PeriodElapsedCallback          0x08001828   Section        0  main.o(i.HAL_TIM_PeriodElapsedCallback)
    i.HAL_TIM_TriggerCallback                0x0800183c   Section        0  stm32f1xx_hal_tim.o(i.HAL_TIM_TriggerCallback)
    i.HAL_UARTEx_RxEventCallback             0x0800183e   Section        0  stm32f1xx_hal_uart.o(i.HAL_UARTEx_RxEventCallback)
    i.HAL_UART_ErrorCallback                 0x08001840   Section        0  stm32f1xx_hal_uart.o(i.HAL_UART_ErrorCallback)
    i.HAL_UART_IRQHandler                    0x08001844   Section        0  stm32f1xx_hal_uart.o(i.HAL_UART_IRQHandler)
    i.HAL_UART_Init                          0x08001ab0   Section        0  stm32f1xx_hal_uart.o(i.HAL_UART_Init)
    i.HAL_UART_MspInit                       0x08001b14   Section        0  usart.o(i.HAL_UART_MspInit)
    i.HAL_UART_Receive_IT                    0x08001b94   Section        0  stm32f1xx_hal_uart.o(i.HAL_UART_Receive_IT)
    i.HAL_UART_RxCpltCallback                0x08001bb0   Section        0  stm32f1xx_hal_uart.o(i.HAL_UART_RxCpltCallback)
    i.HAL_UART_Transmit                      0x08001bb2   Section        0  stm32f1xx_hal_uart.o(i.HAL_UART_Transmit)
    i.HAL_UART_TxCpltCallback                0x08001c4c   Section        0  stm32f1xx_hal_uart.o(i.HAL_UART_TxCpltCallback)
    i.HardFault_Handler                      0x08001c4e   Section        0  stm32f1xx_it.o(i.HardFault_Handler)
    i.I2C_EEPROM_BuffRead                    0x08001c50   Section        0  i2c.o(i.I2C_EEPROM_BuffRead)
    i.I2C_EEPROM_BuffWrite                   0x08001c98   Section        0  i2c.o(i.I2C_EEPROM_BuffWrite)
    i.I2C_EEPROM_WRTest                      0x08001d0c   Section        0  i2c.o(i.I2C_EEPROM_WRTest)
    i.I2C_IsAcknowledgeFailed                0x08001d70   Section        0  stm32f1xx_hal_i2c.o(i.I2C_IsAcknowledgeFailed)
    I2C_IsAcknowledgeFailed                  0x08001d71   Thumb Code    46  stm32f1xx_hal_i2c.o(i.I2C_IsAcknowledgeFailed)
    i.I2C_RequestMemoryRead                  0x08001da0   Section        0  stm32f1xx_hal_i2c.o(i.I2C_RequestMemoryRead)
    I2C_RequestMemoryRead                    0x08001da1   Thumb Code   246  stm32f1xx_hal_i2c.o(i.I2C_RequestMemoryRead)
    i.I2C_RequestMemoryWrite                 0x08001e9c   Section        0  stm32f1xx_hal_i2c.o(i.I2C_RequestMemoryWrite)
    I2C_RequestMemoryWrite                   0x08001e9d   Thumb Code   162  stm32f1xx_hal_i2c.o(i.I2C_RequestMemoryWrite)
    i.I2C_WaitOnBTFFlagUntilTimeout          0x08001f44   Section        0  stm32f1xx_hal_i2c.o(i.I2C_WaitOnBTFFlagUntilTimeout)
    I2C_WaitOnBTFFlagUntilTimeout            0x08001f45   Thumb Code    86  stm32f1xx_hal_i2c.o(i.I2C_WaitOnBTFFlagUntilTimeout)
    i.I2C_WaitOnFlagUntilTimeout             0x08001f9c   Section        0  stm32f1xx_hal_i2c.o(i.I2C_WaitOnFlagUntilTimeout)
    I2C_WaitOnFlagUntilTimeout               0x08001f9d   Thumb Code   144  stm32f1xx_hal_i2c.o(i.I2C_WaitOnFlagUntilTimeout)
    i.I2C_WaitOnMasterAddressFlagUntilTimeout 0x0800202c   Section        0  stm32f1xx_hal_i2c.o(i.I2C_WaitOnMasterAddressFlagUntilTimeout)
    I2C_WaitOnMasterAddressFlagUntilTimeout  0x0800202d   Thumb Code   188  stm32f1xx_hal_i2c.o(i.I2C_WaitOnMasterAddressFlagUntilTimeout)
    i.I2C_WaitOnRXNEFlagUntilTimeout         0x080020e8   Section        0  stm32f1xx_hal_i2c.o(i.I2C_WaitOnRXNEFlagUntilTimeout)
    I2C_WaitOnRXNEFlagUntilTimeout           0x080020e9   Thumb Code   112  stm32f1xx_hal_i2c.o(i.I2C_WaitOnRXNEFlagUntilTimeout)
    i.I2C_WaitOnTXEFlagUntilTimeout          0x08002158   Section        0  stm32f1xx_hal_i2c.o(i.I2C_WaitOnTXEFlagUntilTimeout)
    I2C_WaitOnTXEFlagUntilTimeout            0x08002159   Thumb Code    86  stm32f1xx_hal_i2c.o(i.I2C_WaitOnTXEFlagUntilTimeout)
    i.MX_FREERTOS_Init                       0x080021b0   Section        0  freertos.o(i.MX_FREERTOS_Init)
    i.MX_GPIO_Init                           0x080021f0   Section        0  gpio.o(i.MX_GPIO_Init)
    i.MX_I2C1_Init                           0x08002284   Section        0  i2c.o(i.MX_I2C1_Init)
    i.MX_USART1_UART_Init                    0x080022c4   Section        0  usart.o(i.MX_USART1_UART_Init)
    i.MemManage_Handler                      0x08002308   Section        0  stm32f1xx_it.o(i.MemManage_Handler)
    i.NMI_Handler                            0x0800230a   Section        0  stm32f1xx_it.o(i.NMI_Handler)
    i.StartDefaultTask                       0x0800230c   Section        0  freertos.o(i.StartDefaultTask)
    i.SysTick_Handler                        0x08002314   Section        0  port.o(i.SysTick_Handler)
    i.SystemClock_Config                     0x08002340   Section        0  main.o(i.SystemClock_Config)
    i.SystemInit                             0x0800239e   Section        0  system_stm32f1xx.o(i.SystemInit)
    i.TIM6_IRQHandler                        0x080023a0   Section        0  stm32f1xx_it.o(i.TIM6_IRQHandler)
    i.TIM_Base_SetConfig                     0x080023ac   Section        0  stm32f1xx_hal_tim.o(i.TIM_Base_SetConfig)
    i.UART_DMAAbortOnError                   0x08002438   Section        0  stm32f1xx_hal_uart.o(i.UART_DMAAbortOnError)
    UART_DMAAbortOnError                     0x08002439   Thumb Code    16  stm32f1xx_hal_uart.o(i.UART_DMAAbortOnError)
    i.UART_EndRxTransfer                     0x08002448   Section        0  stm32f1xx_hal_uart.o(i.UART_EndRxTransfer)
    UART_EndRxTransfer                       0x08002449   Thumb Code    78  stm32f1xx_hal_uart.o(i.UART_EndRxTransfer)
    i.UART_Receive_IT                        0x08002496   Section        0  stm32f1xx_hal_uart.o(i.UART_Receive_IT)
    UART_Receive_IT                          0x08002497   Thumb Code   194  stm32f1xx_hal_uart.o(i.UART_Receive_IT)
    i.UART_SetConfig                         0x08002558   Section        0  stm32f1xx_hal_uart.o(i.UART_SetConfig)
    UART_SetConfig                           0x08002559   Thumb Code   178  stm32f1xx_hal_uart.o(i.UART_SetConfig)
    i.UART_Start_Receive_IT                  0x08002610   Section        0  stm32f1xx_hal_uart.o(i.UART_Start_Receive_IT)
    i.UART_WaitOnFlagUntilTimeout            0x08002646   Section        0  stm32f1xx_hal_uart.o(i.UART_WaitOnFlagUntilTimeout)
    UART_WaitOnFlagUntilTimeout              0x08002647   Thumb Code   120  stm32f1xx_hal_uart.o(i.UART_WaitOnFlagUntilTimeout)
    i.USART1_IRQHandler                      0x080026c0   Section        0  stm32f1xx_it.o(i.USART1_IRQHandler)
    i.UsageFault_Handler                     0x080026dc   Section        0  stm32f1xx_it.o(i.UsageFault_Handler)
    i.__NVIC_SetPriority                     0x080026de   Section        0  stm32f1xx_hal_cortex.o(i.__NVIC_SetPriority)
    __NVIC_SetPriority                       0x080026df   Thumb Code    32  stm32f1xx_hal_cortex.o(i.__NVIC_SetPriority)
    i.main                                   0x08002700   Section        0  main.o(i.main)
    i.myTask                                 0x08002754   Section        0  freertos.o(i.myTask)
    i.osDelay                                0x0800278c   Section        0  cmsis_os2.o(i.osDelay)
    i.osKernelInitialize                     0x080027c0   Section        0  cmsis_os2.o(i.osKernelInitialize)
    i.osKernelStart                          0x080027f8   Section        0  cmsis_os2.o(i.osKernelStart)
    i.osThreadNew                            0x08002838   Section        0  cmsis_os2.o(i.osThreadNew)
    i.prvAddCurrentTaskToDelayedList         0x080028dc   Section        0  tasks.o(i.prvAddCurrentTaskToDelayedList)
    prvAddCurrentTaskToDelayedList           0x080028dd   Thumb Code    84  tasks.o(i.prvAddCurrentTaskToDelayedList)
    i.prvAddNewTaskToReadyList               0x08002938   Section        0  tasks.o(i.prvAddNewTaskToReadyList)
    prvAddNewTaskToReadyList                 0x08002939   Thumb Code   190  tasks.o(i.prvAddNewTaskToReadyList)
    i.prvCheckForValidListAndQueue           0x08002a08   Section        0  timers.o(i.prvCheckForValidListAndQueue)
    prvCheckForValidListAndQueue             0x08002a09   Thumb Code    72  timers.o(i.prvCheckForValidListAndQueue)
    i.prvCopyDataFromQueue                   0x08002a60   Section        0  queue.o(i.prvCopyDataFromQueue)
    prvCopyDataFromQueue                     0x08002a61   Thumb Code    38  queue.o(i.prvCopyDataFromQueue)
    i.prvCopyDataToQueue                     0x08002a86   Section        0  queue.o(i.prvCopyDataToQueue)
    prvCopyDataToQueue                       0x08002a87   Thumb Code   108  queue.o(i.prvCopyDataToQueue)
    i.prvDeleteTCB                           0x08002af2   Section        0  tasks.o(i.prvDeleteTCB)
    prvDeleteTCB                             0x08002af3   Thumb Code    52  tasks.o(i.prvDeleteTCB)
    i.prvHeapInit                            0x08002b28   Section        0  heap_4.o(i.prvHeapInit)
    prvHeapInit                              0x08002b29   Thumb Code    66  heap_4.o(i.prvHeapInit)
    i.prvIdleTask                            0x08002b74   Section        0  tasks.o(i.prvIdleTask)
    prvIdleTask                              0x08002b75   Thumb Code    82  tasks.o(i.prvIdleTask)
    i.prvInitialiseNewQueue                  0x08002bd4   Section        0  queue.o(i.prvInitialiseNewQueue)
    prvInitialiseNewQueue                    0x08002bd5   Thumb Code    34  queue.o(i.prvInitialiseNewQueue)
    i.prvInitialiseNewTask                   0x08002bf6   Section        0  tasks.o(i.prvInitialiseNewTask)
    prvInitialiseNewTask                     0x08002bf7   Thumb Code   156  tasks.o(i.prvInitialiseNewTask)
    i.prvInsertBlockIntoFreeList             0x08002c94   Section        0  heap_4.o(i.prvInsertBlockIntoFreeList)
    prvInsertBlockIntoFreeList               0x08002c95   Thumb Code    72  heap_4.o(i.prvInsertBlockIntoFreeList)
    i.prvInsertTimerInActiveList             0x08002ce0   Section        0  timers.o(i.prvInsertTimerInActiveList)
    prvInsertTimerInActiveList               0x08002ce1   Thumb Code    52  timers.o(i.prvInsertTimerInActiveList)
    i.prvIsQueueEmpty                        0x08002d18   Section        0  queue.o(i.prvIsQueueEmpty)
    prvIsQueueEmpty                          0x08002d19   Thumb Code    28  queue.o(i.prvIsQueueEmpty)
    i.prvProcessReceivedCommands             0x08002d34   Section        0  timers.o(i.prvProcessReceivedCommands)
    prvProcessReceivedCommands               0x08002d35   Thumb Code   198  timers.o(i.prvProcessReceivedCommands)
    i.prvProcessTimerOrBlockTask             0x08002e00   Section        0  timers.o(i.prvProcessTimerOrBlockTask)
    prvProcessTimerOrBlockTask               0x08002e01   Thumb Code   172  timers.o(i.prvProcessTimerOrBlockTask)
    i.prvResetNextTaskUnblockTime            0x08002eb4   Section        0  tasks.o(i.prvResetNextTaskUnblockTime)
    prvResetNextTaskUnblockTime              0x08002eb5   Thumb Code    26  tasks.o(i.prvResetNextTaskUnblockTime)
    i.prvSampleTimeNow                       0x08002ed4   Section        0  timers.o(i.prvSampleTimeNow)
    prvSampleTimeNow                         0x08002ed5   Thumb Code    36  timers.o(i.prvSampleTimeNow)
    i.prvSwitchTimerLists                    0x08002efc   Section        0  timers.o(i.prvSwitchTimerLists)
    prvSwitchTimerLists                      0x08002efd   Thumb Code   102  timers.o(i.prvSwitchTimerLists)
    i.prvTaskExitError                       0x08002f68   Section        0  port.o(i.prvTaskExitError)
    prvTaskExitError                         0x08002f69   Thumb Code    36  port.o(i.prvTaskExitError)
    i.prvTimerTask                           0x08002f90   Section        0  timers.o(i.prvTimerTask)
    prvTimerTask                             0x08002f91   Thumb Code    32  timers.o(i.prvTimerTask)
    i.prvUnlockQueue                         0x08002fb4   Section        0  queue.o(i.prvUnlockQueue)
    prvUnlockQueue                           0x08002fb5   Thumb Code   106  queue.o(i.prvUnlockQueue)
    i.pvPortMalloc                           0x08003020   Section        0  heap_4.o(i.pvPortMalloc)
    i.pxPortInitialiseStack                  0x080030f8   Section        0  port.o(i.pxPortInitialiseStack)
    i.uxListRemove                           0x0800311c   Section        0  list.o(i.uxListRemove)
    i.vApplicationGetIdleTaskMemory          0x08003144   Section        0  cmsis_os2.o(i.vApplicationGetIdleTaskMemory)
    i.vApplicationGetTimerTaskMemory         0x08003158   Section        0  cmsis_os2.o(i.vApplicationGetTimerTaskMemory)
    i.vListInitialise                        0x08003170   Section        0  list.o(i.vListInitialise)
    i.vListInitialiseItem                    0x08003186   Section        0  list.o(i.vListInitialiseItem)
    i.vListInsert                            0x0800318c   Section        0  list.o(i.vListInsert)
    i.vListInsertEnd                         0x080031bc   Section        0  list.o(i.vListInsertEnd)
    i.vPortEnterCritical                     0x080031d4   Section        0  port.o(i.vPortEnterCritical)
    i.vPortExitCritical                      0x08003214   Section        0  port.o(i.vPortExitCritical)
    i.vPortFree                              0x0800323c   Section        0  heap_4.o(i.vPortFree)
    i.vPortSetupTimerInterrupt               0x08003298   Section        0  port.o(i.vPortSetupTimerInterrupt)
    i.vPortValidateInterruptPriority         0x080032bc   Section        0  port.o(i.vPortValidateInterruptPriority)
    i.vQueueAddToRegistry                    0x08003310   Section        0  queue.o(i.vQueueAddToRegistry)
    i.vQueueWaitForMessageRestricted         0x08003338   Section        0  queue.o(i.vQueueWaitForMessageRestricted)
    i.vTaskDelay                             0x0800337c   Section        0  tasks.o(i.vTaskDelay)
    i.vTaskInternalSetTimeOutState           0x080033c8   Section        0  tasks.o(i.vTaskInternalSetTimeOutState)
    i.vTaskMissedYield                       0x080033d8   Section        0  tasks.o(i.vTaskMissedYield)
    i.vTaskPlaceOnEventList                  0x080033e4   Section        0  tasks.o(i.vTaskPlaceOnEventList)
    i.vTaskPlaceOnEventListRestricted        0x08003414   Section        0  tasks.o(i.vTaskPlaceOnEventListRestricted)
    i.vTaskStartScheduler                    0x0800344c   Section        0  tasks.o(i.vTaskStartScheduler)
    i.vTaskSuspendAll                        0x080034d4   Section        0  tasks.o(i.vTaskSuspendAll)
    i.vTaskSwitchContext                     0x080034e4   Section        0  tasks.o(i.vTaskSwitchContext)
    i.xPortStartScheduler                    0x08003548   Section        0  port.o(i.xPortStartScheduler)
    i.xQueueGenericCreateStatic              0x080035f0   Section        0  queue.o(i.xQueueGenericCreateStatic)
    i.xQueueGenericReset                     0x08003658   Section        0  queue.o(i.xQueueGenericReset)
    i.xQueueGenericSend                      0x080036e0   Section        0  queue.o(i.xQueueGenericSend)
    i.xQueueGenericSendFromISR               0x08003840   Section        0  queue.o(i.xQueueGenericSendFromISR)
    i.xQueueReceive                          0x080038fc   Section        0  queue.o(i.xQueueReceive)
    i.xTaskCheckForTimeOut                   0x08003a34   Section        0  tasks.o(i.xTaskCheckForTimeOut)
    i.xTaskCreate                            0x08003aa8   Section        0  tasks.o(i.xTaskCreate)
    i.xTaskCreateStatic                      0x08003b02   Section        0  tasks.o(i.xTaskCreateStatic)
    i.xTaskGetSchedulerState                 0x08003b58   Section        0  tasks.o(i.xTaskGetSchedulerState)
    i.xTaskGetTickCount                      0x08003b74   Section        0  tasks.o(i.xTaskGetTickCount)
    i.xTaskIncrementTick                     0x08003b80   Section        0  tasks.o(i.xTaskIncrementTick)
    i.xTaskPriorityDisinherit                0x08003c48   Section        0  tasks.o(i.xTaskPriorityDisinherit)
    i.xTaskRemoveFromEventList               0x08003cc8   Section        0  tasks.o(i.xTaskRemoveFromEventList)
    i.xTaskResumeAll                         0x08003d38   Section        0  tasks.o(i.xTaskResumeAll)
    i.xTimerCreateTimerTask                  0x08003dfc   Section        0  timers.o(i.xTimerCreateTimerTask)
    i.xTimerGenericCommand                   0x08003e5c   Section        0  timers.o(i.xTimerGenericCommand)
    .constdata                               0x08003ec4   Section       36  freertos.o(.constdata)
    .constdata                               0x08003ee8   Section       18  stm32f1xx_hal_rcc.o(.constdata)
    aPredivFactorTable                       0x08003ee8   Data           2  stm32f1xx_hal_rcc.o(.constdata)
    aPLLMULFactorTable                       0x08003eea   Data          16  stm32f1xx_hal_rcc.o(.constdata)
    .constdata                               0x08003efa   Section       16  system_stm32f1xx.o(.constdata)
    .constdata                               0x08003f0a   Section        8  system_stm32f1xx.o(.constdata)
    .conststring                             0x08003f14   Section       12  freertos.o(.conststring)
    .data                                    0x20000000   Section        4  freertos.o(.data)
    .data                                    0x20000004   Section        1  usart.o(.data)
    .data                                    0x20000008   Section       12  stm32f1xx_hal.o(.data)
    .data                                    0x20000014   Section        4  system_stm32f1xx.o(.data)
    .data                                    0x20000018   Section       60  tasks.o(.data)
    pxDelayedTaskList                        0x2000001c   Data           4  tasks.o(.data)
    pxOverflowDelayedTaskList                0x20000020   Data           4  tasks.o(.data)
    uxDeletedTasksWaitingCleanUp             0x20000024   Data           4  tasks.o(.data)
    uxCurrentNumberOfTasks                   0x20000028   Data           4  tasks.o(.data)
    xTickCount                               0x2000002c   Data           4  tasks.o(.data)
    uxTopReadyPriority                       0x20000030   Data           4  tasks.o(.data)
    xSchedulerRunning                        0x20000034   Data           4  tasks.o(.data)
    uxPendedTicks                            0x20000038   Data           4  tasks.o(.data)
    xYieldPending                            0x2000003c   Data           4  tasks.o(.data)
    xNumOfOverflows                          0x20000040   Data           4  tasks.o(.data)
    uxTaskNumber                             0x20000044   Data           4  tasks.o(.data)
    xNextTaskUnblockTime                     0x20000048   Data           4  tasks.o(.data)
    xIdleTaskHandle                          0x2000004c   Data           4  tasks.o(.data)
    uxSchedulerSuspended                     0x20000050   Data           4  tasks.o(.data)
    .data                                    0x20000054   Section       20  timers.o(.data)
    pxCurrentTimerList                       0x20000054   Data           4  timers.o(.data)
    pxOverflowTimerList                      0x20000058   Data           4  timers.o(.data)
    xTimerQueue                              0x2000005c   Data           4  timers.o(.data)
    xTimerTaskHandle                         0x20000060   Data           4  timers.o(.data)
    xLastTime                                0x20000064   Data           4  timers.o(.data)
    .data                                    0x20000068   Section        4  cmsis_os2.o(.data)
    KernelState                              0x20000068   Data           4  cmsis_os2.o(.data)
    .data                                    0x2000006c   Section       24  heap_4.o(.data)
    pxEnd                                    0x2000006c   Data           4  heap_4.o(.data)
    xFreeBytesRemaining                      0x20000070   Data           4  heap_4.o(.data)
    xMinimumEverFreeBytesRemaining           0x20000074   Data           4  heap_4.o(.data)
    xBlockAllocatedBit                       0x20000078   Data           4  heap_4.o(.data)
    xStart                                   0x2000007c   Data           8  heap_4.o(.data)
    .data                                    0x20000084   Section       12  port.o(.data)
    ucMaxSysCallPriority                     0x20000084   Data           1  port.o(.data)
    uxCriticalNesting                        0x20000088   Data           4  port.o(.data)
    ulMaxPRIGROUPValue                       0x2000008c   Data           4  port.o(.data)
    .bss                                     0x20000090   Section       84  i2c.o(.bss)
    .bss                                     0x200000e4   Section       72  usart.o(.bss)
    .bss                                     0x2000012c   Section       72  stm32f1xx_hal_timebase_tim.o(.bss)
    .bss                                     0x20000174   Section       64  queue.o(.bss)
    .bss                                     0x200001b4   Section     1220  tasks.o(.bss)
    pxReadyTasksLists                        0x200001b4   Data        1120  tasks.o(.bss)
    xDelayedTaskList1                        0x20000614   Data          20  tasks.o(.bss)
    xDelayedTaskList2                        0x20000628   Data          20  tasks.o(.bss)
    xPendingReadyList                        0x2000063c   Data          20  tasks.o(.bss)
    xTasksWaitingTermination                 0x20000650   Data          20  tasks.o(.bss)
    xSuspendedTaskList                       0x20000664   Data          20  tasks.o(.bss)
    .bss                                     0x20000678   Section      280  timers.o(.bss)
    xActiveTimerList1                        0x20000678   Data          20  timers.o(.bss)
    xActiveTimerList2                        0x2000068c   Data          20  timers.o(.bss)
    xStaticTimerQueue                        0x200006a0   Data          80  timers.o(.bss)
    ucStaticTimerQueueStorage                0x200006f0   Data         160  timers.o(.bss)
    .bss                                     0x20000790   Section     1720  cmsis_os2.o(.bss)
    Idle_TCB                                 0x20000790   Data          92  cmsis_os2.o(.bss)
    Idle_Stack                               0x200007ec   Data         512  cmsis_os2.o(.bss)
    Timer_TCB                                0x200009ec   Data          92  cmsis_os2.o(.bss)
    Timer_Stack                              0x20000a48   Data        1024  cmsis_os2.o(.bss)
    .bss                                     0x20000e48   Section     3072  heap_4.o(.bss)
    ucHeap                                   0x20000e48   Data        3072  heap_4.o(.bss)
    .bss                                     0x20001a48   Section       96  libspace.o(.bss)
    HEAP                                     0x20001aa8   Section      512  startup_stm32f103xe.o(HEAP)
    Heap_Mem                                 0x20001aa8   Data         512  startup_stm32f103xe.o(HEAP)
    STACK                                    0x20001ca8   Section     1024  startup_stm32f103xe.o(STACK)
    Stack_Mem                                0x20001ca8   Data        1024  startup_stm32f103xe.o(STACK)
    __initial_sp                             0x200020a8   Data           0  startup_stm32f103xe.o(STACK)

    Global Symbols

    Symbol Name                              Value     Ov Type        Size  Object(Section)

    BuildAttributes$$THM_ISAv4$P$D$K$B$S$PE$A:L22UL41UL21$X:L11$S22US41US21$IEEE1$IW$USESV6$~STKCKD$USESV7$~SHL$OSPACE$ROPI$EBA8$UX$STANDARDLIB$REQ8$PRES8$EABIv2 0x00000000   Number         0  anon$$obj.o ABSOLUTE
    __ARM_use_no_argv                        0x00000000   Number         0  main.o ABSOLUTE
    __ARM_exceptions_init                     - Undefined Weak Reference
    __alloca_initialize                       - Undefined Weak Reference
    __arm_fini_                               - Undefined Weak Reference
    __arm_preinit_                            - Undefined Weak Reference
    __cpp_initialize__aeabi_                  - Undefined Weak Reference
    __cxa_finalize                            - Undefined Weak Reference
    __rt_locale                               - Undefined Weak Reference
    __sigvec_lookup                           - Undefined Weak Reference
    _atexit_init                              - Undefined Weak Reference
    _call_atexit_fns                          - Undefined Weak Reference
    _clock_init                               - Undefined Weak Reference
    _fp_trap_init                             - Undefined Weak Reference
    _fp_trap_shutdown                         - Undefined Weak Reference
    _get_lc_collate                           - Undefined Weak Reference
    _get_lc_ctype                             - Undefined Weak Reference
    _get_lc_monetary                          - Undefined Weak Reference
    _get_lc_numeric                           - Undefined Weak Reference
    _get_lc_time                              - Undefined Weak Reference
    _getenv_init                              - Undefined Weak Reference
    _handle_redirection                       - Undefined Weak Reference
    _init_alloc                               - Undefined Weak Reference
    _init_user_alloc                          - Undefined Weak Reference
    _initio                                   - Undefined Weak Reference
    _rand_init                                - Undefined Weak Reference
    _signal_finish                            - Undefined Weak Reference
    _signal_init                              - Undefined Weak Reference
    _terminate_alloc                          - Undefined Weak Reference
    _terminate_user_alloc                     - Undefined Weak Reference
    _terminateio                              - Undefined Weak Reference
    __Vectors_Size                           0x00000130   Number         0  startup_stm32f103xe.o ABSOLUTE
    __Vectors                                0x08000000   Data           4  startup_stm32f103xe.o(RESET)
    __Vectors_End                            0x08000130   Data           0  startup_stm32f103xe.o(RESET)
    __main                                   0x08000131   Thumb Code     8  __main.o(!!!main)
    __scatterload                            0x08000139   Thumb Code     0  __scatter.o(!!!scatter)
    __scatterload_rt2                        0x08000139   Thumb Code    44  __scatter.o(!!!scatter)
    __scatterload_rt2_thumb_only             0x08000139   Thumb Code     0  __scatter.o(!!!scatter)
    __scatterload_null                       0x08000147   Thumb Code     0  __scatter.o(!!!scatter)
    __scatterload_copy                       0x0800016d   Thumb Code    26  __scatter_copy.o(!!handler_copy)
    __scatterload_zeroinit                   0x08000189   Thumb Code    28  __scatter_zi.o(!!handler_zi)
    __rt_lib_init                            0x080001a5   Thumb Code     0  libinit.o(.ARM.Collect$$libinit$$00000000)
    __rt_lib_init_alloca_1                   0x080001a7   Thumb Code     0  libinit2.o(.ARM.Collect$$libinit$$0000002E)
    __rt_lib_init_argv_1                     0x080001a7   Thumb Code     0  libinit2.o(.ARM.Collect$$libinit$$0000002C)
    __rt_lib_init_atexit_1                   0x080001a7   Thumb Code     0  libinit2.o(.ARM.Collect$$libinit$$0000001B)
    __rt_lib_init_clock_1                    0x080001a7   Thumb Code     0  libinit2.o(.ARM.Collect$$libinit$$00000021)
    __rt_lib_init_cpp_1                      0x080001a7   Thumb Code     0  libinit2.o(.ARM.Collect$$libinit$$00000032)
    __rt_lib_init_exceptions_1               0x080001a7   Thumb Code     0  libinit2.o(.ARM.Collect$$libinit$$00000030)
    __rt_lib_init_fp_1                       0x080001a7   Thumb Code     0  libinit2.o(.ARM.Collect$$libinit$$00000002)
    __rt_lib_init_fp_trap_1                  0x080001a7   Thumb Code     0  libinit2.o(.ARM.Collect$$libinit$$0000001F)
    __rt_lib_init_getenv_1                   0x080001a7   Thumb Code     0  libinit2.o(.ARM.Collect$$libinit$$00000023)
    __rt_lib_init_heap_1                     0x080001a7   Thumb Code     0  libinit2.o(.ARM.Collect$$libinit$$0000000A)
    __rt_lib_init_lc_collate_1               0x080001a7   Thumb Code     0  libinit2.o(.ARM.Collect$$libinit$$00000011)
    __rt_lib_init_lc_ctype_1                 0x080001a7   Thumb Code     0  libinit2.o(.ARM.Collect$$libinit$$00000013)
    __rt_lib_init_lc_monetary_1              0x080001a7   Thumb Code     0  libinit2.o(.ARM.Collect$$libinit$$00000015)
    __rt_lib_init_lc_numeric_1               0x080001a7   Thumb Code     0  libinit2.o(.ARM.Collect$$libinit$$00000017)
    __rt_lib_init_lc_time_1                  0x080001a7   Thumb Code     0  libinit2.o(.ARM.Collect$$libinit$$00000019)
    __rt_lib_init_preinit_1                  0x080001a7   Thumb Code     0  libinit2.o(.ARM.Collect$$libinit$$00000004)
    __rt_lib_init_rand_1                     0x080001a7   Thumb Code     0  libinit2.o(.ARM.Collect$$libinit$$0000000E)
    __rt_lib_init_return                     0x080001a7   Thumb Code     0  libinit2.o(.ARM.Collect$$libinit$$00000033)
    __rt_lib_init_signal_1                   0x080001a7   Thumb Code     0  libinit2.o(.ARM.Collect$$libinit$$0000001D)
    __rt_lib_init_stdio_1                    0x080001a7   Thumb Code     0  libinit2.o(.ARM.Collect$$libinit$$00000025)
    __rt_lib_init_user_alloc_1               0x080001a7   Thumb Code     0  libinit2.o(.ARM.Collect$$libinit$$0000000C)
    __rt_lib_shutdown                        0x080001a9   Thumb Code     0  libshutdown.o(.ARM.Collect$$libshutdown$$00000000)
    __rt_lib_shutdown_cpp_1                  0x080001ab   Thumb Code     0  libshutdown2.o(.ARM.Collect$$libshutdown$$00000004)
    __rt_lib_shutdown_fini_1                 0x080001ab   Thumb Code     0  libshutdown2.o(.ARM.Collect$$libshutdown$$00000002)
    __rt_lib_shutdown_fp_trap_1              0x080001ab   Thumb Code     0  libshutdown2.o(.ARM.Collect$$libshutdown$$00000009)
    __rt_lib_shutdown_heap_1                 0x080001ab   Thumb Code     0  libshutdown2.o(.ARM.Collect$$libshutdown$$00000011)
    __rt_lib_shutdown_return                 0x080001ab   Thumb Code     0  libshutdown2.o(.ARM.Collect$$libshutdown$$00000012)
    __rt_lib_shutdown_signal_1               0x080001ab   Thumb Code     0  libshutdown2.o(.ARM.Collect$$libshutdown$$0000000C)
    __rt_lib_shutdown_stdio_1                0x080001ab   Thumb Code     0  libshutdown2.o(.ARM.Collect$$libshutdown$$00000006)
    __rt_lib_shutdown_user_alloc_1           0x080001ab   Thumb Code     0  libshutdown2.o(.ARM.Collect$$libshutdown$$0000000E)
    __rt_entry                               0x080001ad   Thumb Code     0  __rtentry.o(.ARM.Collect$$rtentry$$00000000)
    __rt_entry_presh_1                       0x080001ad   Thumb Code     0  __rtentry2.o(.ARM.Collect$$rtentry$$00000002)
    __rt_entry_sh                            0x080001ad   Thumb Code     0  __rtentry4.o(.ARM.Collect$$rtentry$$00000004)
    __rt_entry_li                            0x080001b3   Thumb Code     0  __rtentry2.o(.ARM.Collect$$rtentry$$0000000A)
    __rt_entry_postsh_1                      0x080001b3   Thumb Code     0  __rtentry2.o(.ARM.Collect$$rtentry$$00000009)
    __rt_entry_main                          0x080001b7   Thumb Code     0  __rtentry2.o(.ARM.Collect$$rtentry$$0000000D)
    __rt_entry_postli_1                      0x080001b7   Thumb Code     0  __rtentry2.o(.ARM.Collect$$rtentry$$0000000C)
    __rt_exit                                0x080001bf   Thumb Code     0  rtexit.o(.ARM.Collect$$rtexit$$00000000)
    __rt_exit_ls                             0x080001c1   Thumb Code     0  rtexit2.o(.ARM.Collect$$rtexit$$00000003)
    __rt_exit_prels_1                        0x080001c1   Thumb Code     0  rtexit2.o(.ARM.Collect$$rtexit$$00000002)
    __rt_exit_exit                           0x080001c5   Thumb Code     0  rtexit2.o(.ARM.Collect$$rtexit$$00000004)
    SVC_Handler                              0x080001cd   Thumb Code    32  port.o(.emb_text)
    __asm___6_port_c_39a90d8d__prvStartFirstTask 0x080001f1   Thumb Code    28  port.o(.emb_text)
    PendSV_Handler                           0x08000211   Thumb Code    72  port.o(.emb_text)
    vPortGetIPSR                             0x0800025d   Thumb Code     6  port.o(.emb_text)
    Reset_Handler                            0x08000265   Thumb Code     8  startup_stm32f103xe.o(.text)
    ADC1_2_IRQHandler                        0x0800027f   Thumb Code     0  startup_stm32f103xe.o(.text)
    ADC3_IRQHandler                          0x0800027f   Thumb Code     0  startup_stm32f103xe.o(.text)
    CAN1_RX1_IRQHandler                      0x0800027f   Thumb Code     0  startup_stm32f103xe.o(.text)
    CAN1_SCE_IRQHandler                      0x0800027f   Thumb Code     0  startup_stm32f103xe.o(.text)
    DMA1_Channel1_IRQHandler                 0x0800027f   Thumb Code     0  startup_stm32f103xe.o(.text)
    DMA1_Channel2_IRQHandler                 0x0800027f   Thumb Code     0  startup_stm32f103xe.o(.text)
    DMA1_Channel3_IRQHandler                 0x0800027f   Thumb Code     0  startup_stm32f103xe.o(.text)
    DMA1_Channel4_IRQHandler                 0x0800027f   Thumb Code     0  startup_stm32f103xe.o(.text)
    DMA1_Channel5_IRQHandler                 0x0800027f   Thumb Code     0  startup_stm32f103xe.o(.text)
    DMA1_Channel6_IRQHandler                 0x0800027f   Thumb Code     0  startup_stm32f103xe.o(.text)
    DMA1_Channel7_IRQHandler                 0x0800027f   Thumb Code     0  startup_stm32f103xe.o(.text)
    DMA2_Channel1_IRQHandler                 0x0800027f   Thumb Code     0  startup_stm32f103xe.o(.text)
    DMA2_Channel2_IRQHandler                 0x0800027f   Thumb Code     0  startup_stm32f103xe.o(.text)
    DMA2_Channel3_IRQHandler                 0x0800027f   Thumb Code     0  startup_stm32f103xe.o(.text)
    DMA2_Channel4_5_IRQHandler               0x0800027f   Thumb Code     0  startup_stm32f103xe.o(.text)
    EXTI0_IRQHandler                         0x0800027f   Thumb Code     0  startup_stm32f103xe.o(.text)
    EXTI15_10_IRQHandler                     0x0800027f   Thumb Code     0  startup_stm32f103xe.o(.text)
    EXTI1_IRQHandler                         0x0800027f   Thumb Code     0  startup_stm32f103xe.o(.text)
    EXTI2_IRQHandler                         0x0800027f   Thumb Code     0  startup_stm32f103xe.o(.text)
    EXTI3_IRQHandler                         0x0800027f   Thumb Code     0  startup_stm32f103xe.o(.text)
    EXTI4_IRQHandler                         0x0800027f   Thumb Code     0  startup_stm32f103xe.o(.text)
    EXTI9_5_IRQHandler                       0x0800027f   Thumb Code     0  startup_stm32f103xe.o(.text)
    FLASH_IRQHandler                         0x0800027f   Thumb Code     0  startup_stm32f103xe.o(.text)
    FSMC_IRQHandler                          0x0800027f   Thumb Code     0  startup_stm32f103xe.o(.text)
    I2C1_ER_IRQHandler                       0x0800027f   Thumb Code     0  startup_stm32f103xe.o(.text)
    I2C1_EV_IRQHandler                       0x0800027f   Thumb Code     0  startup_stm32f103xe.o(.text)
    I2C2_ER_IRQHandler                       0x0800027f   Thumb Code     0  startup_stm32f103xe.o(.text)
    I2C2_EV_IRQHandler                       0x0800027f   Thumb Code     0  startup_stm32f103xe.o(.text)
    PVD_IRQHandler                           0x0800027f   Thumb Code     0  startup_stm32f103xe.o(.text)
    RCC_IRQHandler                           0x0800027f   Thumb Code     0  startup_stm32f103xe.o(.text)
    RTC_Alarm_IRQHandler                     0x0800027f   Thumb Code     0  startup_stm32f103xe.o(.text)
    RTC_IRQHandler                           0x0800027f   Thumb Code     0  startup_stm32f103xe.o(.text)
    SDIO_IRQHandler                          0x0800027f   Thumb Code     0  startup_stm32f103xe.o(.text)
    SPI1_IRQHandler                          0x0800027f   Thumb Code     0  startup_stm32f103xe.o(.text)
    SPI2_IRQHandler                          0x0800027f   Thumb Code     0  startup_stm32f103xe.o(.text)
    SPI3_IRQHandler                          0x0800027f   Thumb Code     0  startup_stm32f103xe.o(.text)
    TAMPER_IRQHandler                        0x0800027f   Thumb Code     0  startup_stm32f103xe.o(.text)
    TIM1_BRK_IRQHandler                      0x0800027f   Thumb Code     0  startup_stm32f103xe.o(.text)
    TIM1_CC_IRQHandler                       0x0800027f   Thumb Code     0  startup_stm32f103xe.o(.text)
    TIM1_TRG_COM_IRQHandler                  0x0800027f   Thumb Code     0  startup_stm32f103xe.o(.text)
    TIM1_UP_IRQHandler                       0x0800027f   Thumb Code     0  startup_stm32f103xe.o(.text)
    TIM2_IRQHandler                          0x0800027f   Thumb Code     0  startup_stm32f103xe.o(.text)
    TIM3_IRQHandler                          0x0800027f   Thumb Code     0  startup_stm32f103xe.o(.text)
    TIM4_IRQHandler                          0x0800027f   Thumb Code     0  startup_stm32f103xe.o(.text)
    TIM5_IRQHandler                          0x0800027f   Thumb Code     0  startup_stm32f103xe.o(.text)
    TIM7_IRQHandler                          0x0800027f   Thumb Code     0  startup_stm32f103xe.o(.text)
    TIM8_BRK_IRQHandler                      0x0800027f   Thumb Code     0  startup_stm32f103xe.o(.text)
    TIM8_CC_IRQHandler                       0x0800027f   Thumb Code     0  startup_stm32f103xe.o(.text)
    TIM8_TRG_COM_IRQHandler                  0x0800027f   Thumb Code     0  startup_stm32f103xe.o(.text)
    TIM8_UP_IRQHandler                       0x0800027f   Thumb Code     0  startup_stm32f103xe.o(.text)
    UART4_IRQHandler                         0x0800027f   Thumb Code     0  startup_stm32f103xe.o(.text)
    UART5_IRQHandler                         0x0800027f   Thumb Code     0  startup_stm32f103xe.o(.text)
    USART2_IRQHandler                        0x0800027f   Thumb Code     0  startup_stm32f103xe.o(.text)
    USART3_IRQHandler                        0x0800027f   Thumb Code     0  startup_stm32f103xe.o(.text)
    USBWakeUp_IRQHandler                     0x0800027f   Thumb Code     0  startup_stm32f103xe.o(.text)
    USB_HP_CAN1_TX_IRQHandler                0x0800027f   Thumb Code     0  startup_stm32f103xe.o(.text)
    USB_LP_CAN1_RX0_IRQHandler               0x0800027f   Thumb Code     0  startup_stm32f103xe.o(.text)
    WWDG_IRQHandler                          0x0800027f   Thumb Code     0  startup_stm32f103xe.o(.text)
    __user_initial_stackheap                 0x08000281   Thumb Code     0  startup_stm32f103xe.o(.text)
    __aeabi_memcpy                           0x080002a5   Thumb Code     0  rt_memcpy_v6.o(.text)
    __rt_memcpy                              0x080002a5   Thumb Code   138  rt_memcpy_v6.o(.text)
    _memcpy_lastbytes                        0x0800030b   Thumb Code     0  rt_memcpy_v6.o(.text)
    __aeabi_memset                           0x0800032f   Thumb Code    16  aeabi_memset.o(.text)
    __aeabi_memclr4                          0x0800033f   Thumb Code     0  rt_memclr_w.o(.text)
    __aeabi_memclr8                          0x0800033f   Thumb Code     0  rt_memclr_w.o(.text)
    __rt_memclr_w                            0x0800033f   Thumb Code    78  rt_memclr_w.o(.text)
    _memset_w                                0x08000343   Thumb Code     0  rt_memclr_w.o(.text)
    __use_two_region_memory                  0x0800038d   Thumb Code     2  heapauxi.o(.text)
    __rt_heap_escrow$2region                 0x0800038f   Thumb Code     2  heapauxi.o(.text)
    __rt_heap_expand$2region                 0x08000391   Thumb Code     2  heapauxi.o(.text)
    __aeabi_memcpy4                          0x08000393   Thumb Code     0  rt_memcpy_w.o(.text)
    __aeabi_memcpy8                          0x08000393   Thumb Code     0  rt_memcpy_w.o(.text)
    __rt_memcpy_w                            0x08000393   Thumb Code   100  rt_memcpy_w.o(.text)
    _memcpy_lastbytes_aligned                0x080003db   Thumb Code     0  rt_memcpy_w.o(.text)
    __aeabi_memclr                           0x080003f7   Thumb Code     0  rt_memclr.o(.text)
    __rt_memclr                              0x080003f7   Thumb Code    68  rt_memclr.o(.text)
    _memset                                  0x080003fb   Thumb Code     0  rt_memclr.o(.text)
    __user_setup_stackheap                   0x0800043b   Thumb Code    74  sys_stackheap_outer.o(.text)
    exit                                     0x08000485   Thumb Code    18  exit.o(.text)
    __user_libspace                          0x08000499   Thumb Code     8  libspace.o(.text)
    __user_perproc_libspace                  0x08000499   Thumb Code     0  libspace.o(.text)
    __user_perthread_libspace                0x08000499   Thumb Code     0  libspace.o(.text)
    _sys_exit                                0x080004a1   Thumb Code     8  sys_exit.o(.text)
    __I$use$semihosting                      0x080004ad   Thumb Code     0  use_no_semi.o(.text)
    __use_no_semihosting_swi                 0x080004ad   Thumb Code     2  use_no_semi.o(.text)
    BusFault_Handler                         0x080004af   Thumb Code     2  stm32f1xx_it.o(i.BusFault_Handler)
    __semihosting_library_function           0x080004af   Thumb Code     0  indicate_semi.o(.text)
    DebugMon_Handler                         0x080004b1   Thumb Code     2  stm32f1xx_it.o(i.DebugMon_Handler)
    Error_Handler                            0x080004b3   Thumb Code     4  main.o(i.Error_Handler)
    HAL_DMA_Abort                            0x080004b7   Thumb Code    70  stm32f1xx_hal_dma.o(i.HAL_DMA_Abort)
    HAL_DMA_Abort_IT                         0x080004fd   Thumb Code   296  stm32f1xx_hal_dma.o(i.HAL_DMA_Abort_IT)
    HAL_Delay                                0x0800062d   Thumb Code    32  stm32f1xx_hal.o(i.HAL_Delay)
    HAL_GPIO_Init                            0x08000651   Thumb Code   462  stm32f1xx_hal_gpio.o(i.HAL_GPIO_Init)
    HAL_GPIO_TogglePin                       0x08000849   Thumb Code    16  stm32f1xx_hal_gpio.o(i.HAL_GPIO_TogglePin)
    HAL_GPIO_WritePin                        0x08000859   Thumb Code    10  stm32f1xx_hal_gpio.o(i.HAL_GPIO_WritePin)
    HAL_GetTick                              0x08000865   Thumb Code     6  stm32f1xx_hal.o(i.HAL_GetTick)
    HAL_I2C_GetState                         0x08000871   Thumb Code     6  stm32f1xx_hal_i2c.o(i.HAL_I2C_GetState)
    HAL_I2C_Init                             0x08000879   Thumb Code   376  stm32f1xx_hal_i2c.o(i.HAL_I2C_Init)
    HAL_I2C_IsDeviceReady                    0x08000a01   Thumb Code   354  stm32f1xx_hal_i2c.o(i.HAL_I2C_IsDeviceReady)
    HAL_I2C_Mem_Read                         0x08000b6d   Thumb Code   574  stm32f1xx_hal_i2c.o(i.HAL_I2C_Mem_Read)
    HAL_I2C_Mem_Write                        0x08000dbd   Thumb Code   294  stm32f1xx_hal_i2c.o(i.HAL_I2C_Mem_Write)
    HAL_I2C_MspInit                          0x08000eed   Thumb Code    80  i2c.o(i.HAL_I2C_MspInit)
    HAL_IncTick                              0x08000f49   Thumb Code    12  stm32f1xx_hal.o(i.HAL_IncTick)
    HAL_Init                                 0x08000f59   Thumb Code    32  stm32f1xx_hal.o(i.HAL_Init)
    HAL_InitTick                             0x08000f7d   Thumb Code   132  stm32f1xx_hal_timebase_tim.o(i.HAL_InitTick)
    HAL_MspInit                              0x08001015   Thumb Code    58  stm32f1xx_hal_msp.o(i.HAL_MspInit)
    HAL_NVIC_EnableIRQ                       0x08001059   Thumb Code    26  stm32f1xx_hal_cortex.o(i.HAL_NVIC_EnableIRQ)
    HAL_NVIC_SetPriority                     0x08001075   Thumb Code    60  stm32f1xx_hal_cortex.o(i.HAL_NVIC_SetPriority)
    HAL_NVIC_SetPriorityGrouping             0x080010b5   Thumb Code    26  stm32f1xx_hal_cortex.o(i.HAL_NVIC_SetPriorityGrouping)
    HAL_RCC_ClockConfig                      0x080010d9   Thumb Code   280  stm32f1xx_hal_rcc.o(i.HAL_RCC_ClockConfig)
    HAL_RCC_GetClockConfig                   0x08001205   Thumb Code    54  stm32f1xx_hal_rcc.o(i.HAL_RCC_GetClockConfig)
    HAL_RCC_GetPCLK1Freq                     0x08001245   Thumb Code    20  stm32f1xx_hal_rcc.o(i.HAL_RCC_GetPCLK1Freq)
    HAL_RCC_GetPCLK2Freq                     0x08001265   Thumb Code    20  stm32f1xx_hal_rcc.o(i.HAL_RCC_GetPCLK2Freq)
    HAL_RCC_GetSysClockFreq                  0x08001285   Thumb Code    58  stm32f1xx_hal_rcc.o(i.HAL_RCC_GetSysClockFreq)
    HAL_RCC_OscConfig                        0x080012d1   Thumb Code   778  stm32f1xx_hal_rcc.o(i.HAL_RCC_OscConfig)
    HAL_TIMEx_BreakCallback                  0x080015f1   Thumb Code     2  stm32f1xx_hal_tim_ex.o(i.HAL_TIMEx_BreakCallback)
    HAL_TIMEx_CommutCallback                 0x080015f3   Thumb Code     2  stm32f1xx_hal_tim_ex.o(i.HAL_TIMEx_CommutCallback)
    HAL_TIM_Base_Init                        0x080015f5   Thumb Code    90  stm32f1xx_hal_tim.o(i.HAL_TIM_Base_Init)
    HAL_TIM_Base_MspInit                     0x0800164f   Thumb Code     2  stm32f1xx_hal_tim.o(i.HAL_TIM_Base_MspInit)
    HAL_TIM_Base_Start_IT                    0x08001651   Thumb Code    88  stm32f1xx_hal_tim.o(i.HAL_TIM_Base_Start_IT)
    HAL_TIM_IC_CaptureCallback               0x080016bd   Thumb Code     2  stm32f1xx_hal_tim.o(i.HAL_TIM_IC_CaptureCallback)
    HAL_TIM_IRQHandler                       0x080016bf   Thumb Code   358  stm32f1xx_hal_tim.o(i.HAL_TIM_IRQHandler)
    HAL_TIM_OC_DelayElapsedCallback          0x08001825   Thumb Code     2  stm32f1xx_hal_tim.o(i.HAL_TIM_OC_DelayElapsedCallback)
    HAL_TIM_PWM_PulseFinishedCallback        0x08001827   Thumb Code     2  stm32f1xx_hal_tim.o(i.HAL_TIM_PWM_PulseFinishedCallback)
    HAL_TIM_PeriodElapsedCallback            0x08001829   Thumb Code    14  main.o(i.HAL_TIM_PeriodElapsedCallback)
    HAL_TIM_TriggerCallback                  0x0800183d   Thumb Code     2  stm32f1xx_hal_tim.o(i.HAL_TIM_TriggerCallback)
    HAL_UARTEx_RxEventCallback               0x0800183f   Thumb Code     2  stm32f1xx_hal_uart.o(i.HAL_UARTEx_RxEventCallback)
    HAL_UART_ErrorCallback                   0x08001841   Thumb Code     2  stm32f1xx_hal_uart.o(i.HAL_UART_ErrorCallback)
    HAL_UART_IRQHandler                      0x08001845   Thumb Code   616  stm32f1xx_hal_uart.o(i.HAL_UART_IRQHandler)
    HAL_UART_Init                            0x08001ab1   Thumb Code   100  stm32f1xx_hal_uart.o(i.HAL_UART_Init)
    HAL_UART_MspInit                         0x08001b15   Thumb Code   116  usart.o(i.HAL_UART_MspInit)
    HAL_UART_Receive_IT                      0x08001b95   Thumb Code    28  stm32f1xx_hal_uart.o(i.HAL_UART_Receive_IT)
    HAL_UART_RxCpltCallback                  0x08001bb1   Thumb Code     2  stm32f1xx_hal_uart.o(i.HAL_UART_RxCpltCallback)
    HAL_UART_Transmit                        0x08001bb3   Thumb Code   154  stm32f1xx_hal_uart.o(i.HAL_UART_Transmit)
    HAL_UART_TxCpltCallback                  0x08001c4d   Thumb Code     2  stm32f1xx_hal_uart.o(i.HAL_UART_TxCpltCallback)
    HardFault_Handler                        0x08001c4f   Thumb Code     2  stm32f1xx_it.o(i.HardFault_Handler)
    I2C_EEPROM_BuffRead                      0x08001c51   Thumb Code    42  i2c.o(i.I2C_EEPROM_BuffRead)
    I2C_EEPROM_BuffWrite                     0x08001c99   Thumb Code    84  i2c.o(i.I2C_EEPROM_BuffWrite)
    I2C_EEPROM_WRTest                        0x08001d0d   Thumb Code    84  i2c.o(i.I2C_EEPROM_WRTest)
    MX_FREERTOS_Init                         0x080021b1   Thumb Code    38  freertos.o(i.MX_FREERTOS_Init)
    MX_GPIO_Init                             0x080021f1   Thumb Code   132  gpio.o(i.MX_GPIO_Init)
    MX_I2C1_Init                             0x08002285   Thumb Code    50  i2c.o(i.MX_I2C1_Init)
    MX_USART1_UART_Init                      0x080022c5   Thumb Code    54  usart.o(i.MX_USART1_UART_Init)
    MemManage_Handler                        0x08002309   Thumb Code     2  stm32f1xx_it.o(i.MemManage_Handler)
    NMI_Handler                              0x0800230b   Thumb Code     2  stm32f1xx_it.o(i.NMI_Handler)
    StartDefaultTask                         0x0800230d   Thumb Code     8  freertos.o(i.StartDefaultTask)
    SysTick_Handler                          0x08002315   Thumb Code    38  port.o(i.SysTick_Handler)
    SystemClock_Config                       0x08002341   Thumb Code    94  main.o(i.SystemClock_Config)
    SystemInit                               0x0800239f   Thumb Code     2  system_stm32f1xx.o(i.SystemInit)
    TIM6_IRQHandler                          0x080023a1   Thumb Code     6  stm32f1xx_it.o(i.TIM6_IRQHandler)
    TIM_Base_SetConfig                       0x080023ad   Thumb Code   120  stm32f1xx_hal_tim.o(i.TIM_Base_SetConfig)
    UART_Start_Receive_IT                    0x08002611   Thumb Code    54  stm32f1xx_hal_uart.o(i.UART_Start_Receive_IT)
    USART1_IRQHandler                        0x080026c1   Thumb Code    24  stm32f1xx_it.o(i.USART1_IRQHandler)
    UsageFault_Handler                       0x080026dd   Thumb Code     2  stm32f1xx_it.o(i.UsageFault_Handler)
    main                                     0x08002701   Thumb Code    62  main.o(i.main)
    myTask                                   0x08002755   Thumb Code    36  freertos.o(i.myTask)
    osDelay                                  0x0800278d   Thumb Code    46  cmsis_os2.o(i.osDelay)
    osKernelInitialize                       0x080027c1   Thumb Code    50  cmsis_os2.o(i.osKernelInitialize)
    osKernelStart                            0x080027f9   Thumb Code    58  cmsis_os2.o(i.osKernelStart)
    osThreadNew                              0x08002839   Thumb Code   160  cmsis_os2.o(i.osThreadNew)
    pvPortMalloc                             0x08003021   Thumb Code   210  heap_4.o(i.pvPortMalloc)
    pxPortInitialiseStack                    0x080030f9   Thumb Code    32  port.o(i.pxPortInitialiseStack)
    uxListRemove                             0x0800311d   Thumb Code    38  list.o(i.uxListRemove)
    vApplicationGetIdleTaskMemory            0x08003145   Thumb Code    16  cmsis_os2.o(i.vApplicationGetIdleTaskMemory)
    vApplicationGetTimerTaskMemory           0x08003159   Thumb Code    18  cmsis_os2.o(i.vApplicationGetTimerTaskMemory)
    vListInitialise                          0x08003171   Thumb Code    22  list.o(i.vListInitialise)
    vListInitialiseItem                      0x08003187   Thumb Code     6  list.o(i.vListInitialiseItem)
    vListInsert                              0x0800318d   Thumb Code    48  list.o(i.vListInsert)
    vListInsertEnd                           0x080031bd   Thumb Code    24  list.o(i.vListInsertEnd)
    vPortEnterCritical                       0x080031d5   Thumb Code    54  port.o(i.vPortEnterCritical)
    vPortExitCritical                        0x08003215   Thumb Code    34  port.o(i.vPortExitCritical)
    vPortFree                                0x0800323d   Thumb Code    88  heap_4.o(i.vPortFree)
    vPortSetupTimerInterrupt                 0x08003299   Thumb Code    32  port.o(i.vPortSetupTimerInterrupt)
    vPortValidateInterruptPriority           0x080032bd   Thumb Code    74  port.o(i.vPortValidateInterruptPriority)
    vQueueAddToRegistry                      0x08003311   Thumb Code    34  queue.o(i.vQueueAddToRegistry)
    vQueueWaitForMessageRestricted           0x08003339   Thumb Code    68  queue.o(i.vQueueWaitForMessageRestricted)
    vTaskDelay                               0x0800337d   Thumb Code    66  tasks.o(i.vTaskDelay)
    vTaskInternalSetTimeOutState             0x080033c9   Thumb Code    12  tasks.o(i.vTaskInternalSetTimeOutState)
    vTaskMissedYield                         0x080033d9   Thumb Code     8  tasks.o(i.vTaskMissedYield)
    vTaskPlaceOnEventList                    0x080033e5   Thumb Code    44  tasks.o(i.vTaskPlaceOnEventList)
    vTaskPlaceOnEventListRestricted          0x08003415   Thumb Code    52  tasks.o(i.vTaskPlaceOnEventListRestricted)
    vTaskStartScheduler                      0x0800344d   Thumb Code   118  tasks.o(i.vTaskStartScheduler)
    vTaskSuspendAll                          0x080034d5   Thumb Code    10  tasks.o(i.vTaskSuspendAll)
    vTaskSwitchContext                       0x080034e5   Thumb Code    90  tasks.o(i.vTaskSwitchContext)
    xPortStartScheduler                      0x08003549   Thumb Code   154  port.o(i.xPortStartScheduler)
    xQueueGenericCreateStatic                0x080035f1   Thumb Code   102  queue.o(i.xQueueGenericCreateStatic)
    xQueueGenericReset                       0x08003659   Thumb Code   132  queue.o(i.xQueueGenericReset)
    xQueueGenericSend                        0x080036e1   Thumb Code   346  queue.o(i.xQueueGenericSend)
    xQueueGenericSendFromISR                 0x08003841   Thumb Code   188  queue.o(i.xQueueGenericSendFromISR)
    xQueueReceive                            0x080038fd   Thumb Code   308  queue.o(i.xQueueReceive)
    xTaskCheckForTimeOut                     0x08003a35   Thumb Code   112  tasks.o(i.xTaskCheckForTimeOut)
    xTaskCreate                              0x08003aa9   Thumb Code    90  tasks.o(i.xTaskCreate)
    xTaskCreateStatic                        0x08003b03   Thumb Code    86  tasks.o(i.xTaskCreateStatic)
    xTaskGetSchedulerState                   0x08003b59   Thumb Code    22  tasks.o(i.xTaskGetSchedulerState)
    xTaskGetTickCount                        0x08003b75   Thumb Code     6  tasks.o(i.xTaskGetTickCount)
    xTaskIncrementTick                       0x08003b81   Thumb Code   190  tasks.o(i.xTaskIncrementTick)
    xTaskPriorityDisinherit                  0x08003c49   Thumb Code   118  tasks.o(i.xTaskPriorityDisinherit)
    xTaskRemoveFromEventList                 0x08003cc9   Thumb Code    98  tasks.o(i.xTaskRemoveFromEventList)
    xTaskResumeAll                           0x08003d39   Thumb Code   182  tasks.o(i.xTaskResumeAll)
    xTimerCreateTimerTask                    0x08003dfd   Thumb Code    78  timers.o(i.xTimerCreateTimerTask)
    xTimerGenericCommand                     0x08003e5d   Thumb Code    98  timers.o(i.xTimerGenericCommand)
    defaultTask_attributes                   0x08003ec4   Data          36  freertos.o(.constdata)
    AHBPrescTable                            0x08003efa   Data          16  system_stm32f1xx.o(.constdata)
    APBPrescTable                            0x08003f0a   Data           8  system_stm32f1xx.o(.constdata)
    Region$$Table$$Base                      0x08003f20   Number         0  anon$$obj.o(Region$$Table)
    Region$$Table$$Limit                     0x08003f40   Number         0  anon$$obj.o(Region$$Table)
    defaultTaskHandle                        0x20000000   Data           4  freertos.o(.data)
    Uart1_ReceiveBuff                        0x20000004   Data           1  usart.o(.data)
    uwTickFreq                               0x20000008   Data           1  stm32f1xx_hal.o(.data)
    uwTickPrio                               0x2000000c   Data           4  stm32f1xx_hal.o(.data)
    uwTick                                   0x20000010   Data           4  stm32f1xx_hal.o(.data)
    SystemCoreClock                          0x20000014   Data           4  system_stm32f1xx.o(.data)
    pxCurrentTCB                             0x20000018   Data           4  tasks.o(.data)
    hi2c1                                    0x20000090   Data          84  i2c.o(.bss)
    huart1                                   0x200000e4   Data          72  usart.o(.bss)
    htim6                                    0x2000012c   Data          72  stm32f1xx_hal_timebase_tim.o(.bss)
    xQueueRegistry                           0x20000174   Data          64  queue.o(.bss)
    __libspace_start                         0x20001a48   Data          96  libspace.o(.bss)
    __temporary_stack_top$libspace           0x20001aa8   Data           0  libspace.o(.bss)



==============================================================================

Memory Map of the image

  Image Entry point : 0x08000131

  Load Region LR_IROM1 (Base: 0x08000000, Size: 0x00003fd0, Max: 0x00080000, ABSOLUTE)

    Execution Region ER_IROM1 (Exec base: 0x08000000, Load base: 0x08000000, Size: 0x00003f40, Max: 0x00080000, ABSOLUTE)

    Exec Addr    Load Addr    Size         Type   Attr      Idx    E Section Name        Object

    0x08000000   0x08000000   0x00000130   Data   RO            3    RESET               startup_stm32f103xe.o
    0x08000130   0x08000130   0x00000008   Code   RO         5072  * !!!main             c_w.l(__main.o)
    0x08000138   0x08000138   0x00000034   Code   RO         5235    !!!scatter          c_w.l(__scatter.o)
    0x0800016c   0x0800016c   0x0000001a   Code   RO         5237    !!handler_copy      c_w.l(__scatter_copy.o)
    0x08000186   0x08000186   0x00000002   PAD
    0x08000188   0x08000188   0x0000001c   Code   RO         5239    !!handler_zi        c_w.l(__scatter_zi.o)
    0x080001a4   0x080001a4   0x00000002   Code   RO         5103    .ARM.Collect$$libinit$$00000000  c_w.l(libinit.o)
    0x080001a6   0x080001a6   0x00000000   Code   RO         5110    .ARM.Collect$$libinit$$00000002  c_w.l(libinit2.o)
    0x080001a6   0x080001a6   0x00000000   Code   RO         5112    .ARM.Collect$$libinit$$00000004  c_w.l(libinit2.o)
    0x080001a6   0x080001a6   0x00000000   Code   RO         5115    .ARM.Collect$$libinit$$0000000A  c_w.l(libinit2.o)
    0x080001a6   0x080001a6   0x00000000   Code   RO         5117    .ARM.Collect$$libinit$$0000000C  c_w.l(libinit2.o)
    0x080001a6   0x080001a6   0x00000000   Code   RO         5119    .ARM.Collect$$libinit$$0000000E  c_w.l(libinit2.o)
    0x080001a6   0x080001a6   0x00000000   Code   RO         5122    .ARM.Collect$$libinit$$00000011  c_w.l(libinit2.o)
    0x080001a6   0x080001a6   0x00000000   Code   RO         5124    .ARM.Collect$$libinit$$00000013  c_w.l(libinit2.o)
    0x080001a6   0x080001a6   0x00000000   Code   RO         5126    .ARM.Collect$$libinit$$00000015  c_w.l(libinit2.o)
    0x080001a6   0x080001a6   0x00000000   Code   RO         5128    .ARM.Collect$$libinit$$00000017  c_w.l(libinit2.o)
    0x080001a6   0x080001a6   0x00000000   Code   RO         5130    .ARM.Collect$$libinit$$00000019  c_w.l(libinit2.o)
    0x080001a6   0x080001a6   0x00000000   Code   RO         5132    .ARM.Collect$$libinit$$0000001B  c_w.l(libinit2.o)
    0x080001a6   0x080001a6   0x00000000   Code   RO         5134    .ARM.Collect$$libinit$$0000001D  c_w.l(libinit2.o)
    0x080001a6   0x080001a6   0x00000000   Code   RO         5136    .ARM.Collect$$libinit$$0000001F  c_w.l(libinit2.o)
    0x080001a6   0x080001a6   0x00000000   Code   RO         5138    .ARM.Collect$$libinit$$00000021  c_w.l(libinit2.o)
    0x080001a6   0x080001a6   0x00000000   Code   RO         5140    .ARM.Collect$$libinit$$00000023  c_w.l(libinit2.o)
    0x080001a6   0x080001a6   0x00000000   Code   RO         5142    .ARM.Collect$$libinit$$00000025  c_w.l(libinit2.o)
    0x080001a6   0x080001a6   0x00000000   Code   RO         5146    .ARM.Collect$$libinit$$0000002C  c_w.l(libinit2.o)
    0x080001a6   0x080001a6   0x00000000   Code   RO         5148    .ARM.Collect$$libinit$$0000002E  c_w.l(libinit2.o)
    0x080001a6   0x080001a6   0x00000000   Code   RO         5150    .ARM.Collect$$libinit$$00000030  c_w.l(libinit2.o)
    0x080001a6   0x080001a6   0x00000000   Code   RO         5152    .ARM.Collect$$libinit$$00000032  c_w.l(libinit2.o)
    0x080001a6   0x080001a6   0x00000002   Code   RO         5153    .ARM.Collect$$libinit$$00000033  c_w.l(libinit2.o)
    0x080001a8   0x080001a8   0x00000002   Code   RO         5173    .ARM.Collect$$libshutdown$$00000000  c_w.l(libshutdown.o)
    0x080001aa   0x080001aa   0x00000000   Code   RO         5186    .ARM.Collect$$libshutdown$$00000002  c_w.l(libshutdown2.o)
    0x080001aa   0x080001aa   0x00000000   Code   RO         5188    .ARM.Collect$$libshutdown$$00000004  c_w.l(libshutdown2.o)
    0x080001aa   0x080001aa   0x00000000   Code   RO         5190    .ARM.Collect$$libshutdown$$00000006  c_w.l(libshutdown2.o)
    0x080001aa   0x080001aa   0x00000000   Code   RO         5193    .ARM.Collect$$libshutdown$$00000009  c_w.l(libshutdown2.o)
    0x080001aa   0x080001aa   0x00000000   Code   RO         5196    .ARM.Collect$$libshutdown$$0000000C  c_w.l(libshutdown2.o)
    0x080001aa   0x080001aa   0x00000000   Code   RO         5198    .ARM.Collect$$libshutdown$$0000000E  c_w.l(libshutdown2.o)
    0x080001aa   0x080001aa   0x00000000   Code   RO         5201    .ARM.Collect$$libshutdown$$00000011  c_w.l(libshutdown2.o)
    0x080001aa   0x080001aa   0x00000002   Code   RO         5202    .ARM.Collect$$libshutdown$$00000012  c_w.l(libshutdown2.o)
    0x080001ac   0x080001ac   0x00000000   Code   RO         5074    .ARM.Collect$$rtentry$$00000000  c_w.l(__rtentry.o)
    0x080001ac   0x080001ac   0x00000000   Code   RO         5080    .ARM.Collect$$rtentry$$00000002  c_w.l(__rtentry2.o)
    0x080001ac   0x080001ac   0x00000006   Code   RO         5092    .ARM.Collect$$rtentry$$00000004  c_w.l(__rtentry4.o)
    0x080001b2   0x080001b2   0x00000000   Code   RO         5082    .ARM.Collect$$rtentry$$00000009  c_w.l(__rtentry2.o)
    0x080001b2   0x080001b2   0x00000004   Code   RO         5083    .ARM.Collect$$rtentry$$0000000A  c_w.l(__rtentry2.o)
    0x080001b6   0x080001b6   0x00000000   Code   RO         5085    .ARM.Collect$$rtentry$$0000000C  c_w.l(__rtentry2.o)
    0x080001b6   0x080001b6   0x00000008   Code   RO         5086    .ARM.Collect$$rtentry$$0000000D  c_w.l(__rtentry2.o)
    0x080001be   0x080001be   0x00000002   Code   RO         5107    .ARM.Collect$$rtexit$$00000000  c_w.l(rtexit.o)
    0x080001c0   0x080001c0   0x00000000   Code   RO         5155    .ARM.Collect$$rtexit$$00000002  c_w.l(rtexit2.o)
    0x080001c0   0x080001c0   0x00000004   Code   RO         5156    .ARM.Collect$$rtexit$$00000003  c_w.l(rtexit2.o)
    0x080001c4   0x080001c4   0x00000006   Code   RO         5157    .ARM.Collect$$rtexit$$00000004  c_w.l(rtexit2.o)
    0x080001ca   0x080001ca   0x00000002   PAD
    0x080001cc   0x080001cc   0x00000096   Code   RO         4981    .emb_text           port.o
    0x08000262   0x08000262   0x00000002   PAD
    0x08000264   0x08000264   0x00000040   Code   RO            4    .text               startup_stm32f103xe.o
    0x080002a4   0x080002a4   0x0000008a   Code   RO         5062    .text               c_w.l(rt_memcpy_v6.o)
    0x0800032e   0x0800032e   0x00000010   Code   RO         5066    .text               c_w.l(aeabi_memset.o)
    0x0800033e   0x0800033e   0x0000004e   Code   RO         5068    .text               c_w.l(rt_memclr_w.o)
    0x0800038c   0x0800038c   0x00000006   Code   RO         5070    .text               c_w.l(heapauxi.o)
    0x08000392   0x08000392   0x00000064   Code   RO         5075    .text               c_w.l(rt_memcpy_w.o)
    0x080003f6   0x080003f6   0x00000044   Code   RO         5077    .text               c_w.l(rt_memclr.o)
    0x0800043a   0x0800043a   0x0000004a   Code   RO         5094    .text               c_w.l(sys_stackheap_outer.o)
    0x08000484   0x08000484   0x00000012   Code   RO         5096    .text               c_w.l(exit.o)
    0x08000496   0x08000496   0x00000002   PAD
    0x08000498   0x08000498   0x00000008   Code   RO         5104    .text               c_w.l(libspace.o)
    0x080004a0   0x080004a0   0x0000000c   Code   RO         5165    .text               c_w.l(sys_exit.o)
    0x080004ac   0x080004ac   0x00000002   Code   RO         5176    .text               c_w.l(use_no_semi.o)
    0x080004ae   0x080004ae   0x00000000   Code   RO         5178    .text               c_w.l(indicate_semi.o)
    0x080004ae   0x080004ae   0x00000002   Code   RO          485    i.BusFault_Handler  stm32f1xx_it.o
    0x080004b0   0x080004b0   0x00000002   Code   RO          486    i.DebugMon_Handler  stm32f1xx_it.o
    0x080004b2   0x080004b2   0x00000004   Code   RO           13    i.Error_Handler     main.o
    0x080004b6   0x080004b6   0x00000046   Code   RO         1035    i.HAL_DMA_Abort     stm32f1xx_hal_dma.o
    0x080004fc   0x080004fc   0x00000130   Code   RO         1036    i.HAL_DMA_Abort_IT  stm32f1xx_hal_dma.o
    0x0800062c   0x0800062c   0x00000024   Code   RO          661    i.HAL_Delay         stm32f1xx_hal.o
    0x08000650   0x08000650   0x000001f8   Code   RO          971    i.HAL_GPIO_Init     stm32f1xx_hal_gpio.o
    0x08000848   0x08000848   0x00000010   Code   RO          974    i.HAL_GPIO_TogglePin  stm32f1xx_hal_gpio.o
    0x08000858   0x08000858   0x0000000a   Code   RO          975    i.HAL_GPIO_WritePin  stm32f1xx_hal_gpio.o
    0x08000862   0x08000862   0x00000002   PAD
    0x08000864   0x08000864   0x0000000c   Code   RO          665    i.HAL_GetTick       stm32f1xx_hal.o
    0x08000870   0x08000870   0x00000006   Code   RO         1641    i.HAL_I2C_GetState  stm32f1xx_hal_i2c.o
    0x08000876   0x08000876   0x00000002   PAD
    0x08000878   0x08000878   0x00000188   Code   RO         1642    i.HAL_I2C_Init      stm32f1xx_hal_i2c.o
    0x08000a00   0x08000a00   0x0000016c   Code   RO         1643    i.HAL_I2C_IsDeviceReady  stm32f1xx_hal_i2c.o
    0x08000b6c   0x08000b6c   0x00000250   Code   RO         1660    i.HAL_I2C_Mem_Read  stm32f1xx_hal_i2c.o
    0x08000dbc   0x08000dbc   0x00000130   Code   RO         1663    i.HAL_I2C_Mem_Write  stm32f1xx_hal_i2c.o
    0x08000eec   0x08000eec   0x0000005c   Code   RO          376    i.HAL_I2C_MspInit   i2c.o
    0x08000f48   0x08000f48   0x00000010   Code   RO          671    i.HAL_IncTick       stm32f1xx_hal.o
    0x08000f58   0x08000f58   0x00000024   Code   RO          672    i.HAL_Init          stm32f1xx_hal.o
    0x08000f7c   0x08000f7c   0x00000098   Code   RO          579    i.HAL_InitTick      stm32f1xx_hal_timebase_tim.o
    0x08001014   0x08001014   0x00000044   Code   RO          555    i.HAL_MspInit       stm32f1xx_hal_msp.o
    0x08001058   0x08001058   0x0000001a   Code   RO         1131    i.HAL_NVIC_EnableIRQ  stm32f1xx_hal_cortex.o
    0x08001072   0x08001072   0x00000002   PAD
    0x08001074   0x08001074   0x00000040   Code   RO         1137    i.HAL_NVIC_SetPriority  stm32f1xx_hal_cortex.o
    0x080010b4   0x080010b4   0x00000024   Code   RO         1138    i.HAL_NVIC_SetPriorityGrouping  stm32f1xx_hal_cortex.o
    0x080010d8   0x080010d8   0x0000012c   Code   RO          829    i.HAL_RCC_ClockConfig  stm32f1xx_hal_rcc.o
    0x08001204   0x08001204   0x00000040   Code   RO          833    i.HAL_RCC_GetClockConfig  stm32f1xx_hal_rcc.o
    0x08001244   0x08001244   0x00000020   Code   RO          836    i.HAL_RCC_GetPCLK1Freq  stm32f1xx_hal_rcc.o
    0x08001264   0x08001264   0x00000020   Code   RO          837    i.HAL_RCC_GetPCLK2Freq  stm32f1xx_hal_rcc.o
    0x08001284   0x08001284   0x0000004c   Code   RO          838    i.HAL_RCC_GetSysClockFreq  stm32f1xx_hal_rcc.o
    0x080012d0   0x080012d0   0x00000320   Code   RO          841    i.HAL_RCC_OscConfig  stm32f1xx_hal_rcc.o
    0x080015f0   0x080015f0   0x00000002   Code   RO         2774    i.HAL_TIMEx_BreakCallback  stm32f1xx_hal_tim_ex.o
    0x080015f2   0x080015f2   0x00000002   Code   RO         2775    i.HAL_TIMEx_CommutCallback  stm32f1xx_hal_tim_ex.o
    0x080015f4   0x080015f4   0x0000005a   Code   RO         2070    i.HAL_TIM_Base_Init  stm32f1xx_hal_tim.o
    0x0800164e   0x0800164e   0x00000002   Code   RO         2072    i.HAL_TIM_Base_MspInit  stm32f1xx_hal_tim.o
    0x08001650   0x08001650   0x0000006c   Code   RO         2075    i.HAL_TIM_Base_Start_IT  stm32f1xx_hal_tim.o
    0x080016bc   0x080016bc   0x00000002   Code   RO         2104    i.HAL_TIM_IC_CaptureCallback  stm32f1xx_hal_tim.o
    0x080016be   0x080016be   0x00000166   Code   RO         2118    i.HAL_TIM_IRQHandler  stm32f1xx_hal_tim.o
    0x08001824   0x08001824   0x00000002   Code   RO         2121    i.HAL_TIM_OC_DelayElapsedCallback  stm32f1xx_hal_tim.o
    0x08001826   0x08001826   0x00000002   Code   RO         2148    i.HAL_TIM_PWM_PulseFinishedCallback  stm32f1xx_hal_tim.o
    0x08001828   0x08001828   0x00000014   Code   RO           14    i.HAL_TIM_PeriodElapsedCallback  main.o
    0x0800183c   0x0800183c   0x00000002   Code   RO         2161    i.HAL_TIM_TriggerCallback  stm32f1xx_hal_tim.o
    0x0800183e   0x0800183e   0x00000002   Code   RO         3053    i.HAL_UARTEx_RxEventCallback  stm32f1xx_hal_uart.o
    0x08001840   0x08001840   0x00000002   Code   RO         3067    i.HAL_UART_ErrorCallback  stm32f1xx_hal_uart.o
    0x08001842   0x08001842   0x00000002   PAD
    0x08001844   0x08001844   0x0000026c   Code   RO         3070    i.HAL_UART_IRQHandler  stm32f1xx_hal_uart.o
    0x08001ab0   0x08001ab0   0x00000064   Code   RO         3071    i.HAL_UART_Init     stm32f1xx_hal_uart.o
    0x08001b14   0x08001b14   0x00000080   Code   RO          443    i.HAL_UART_MspInit  usart.o
    0x08001b94   0x08001b94   0x0000001c   Code   RO         3076    i.HAL_UART_Receive_IT  stm32f1xx_hal_uart.o
    0x08001bb0   0x08001bb0   0x00000002   Code   RO         3077    i.HAL_UART_RxCpltCallback  stm32f1xx_hal_uart.o
    0x08001bb2   0x08001bb2   0x0000009a   Code   RO         3079    i.HAL_UART_Transmit  stm32f1xx_hal_uart.o
    0x08001c4c   0x08001c4c   0x00000002   Code   RO         3082    i.HAL_UART_TxCpltCallback  stm32f1xx_hal_uart.o
    0x08001c4e   0x08001c4e   0x00000002   Code   RO          487    i.HardFault_Handler  stm32f1xx_it.o
    0x08001c50   0x08001c50   0x00000048   Code   RO          377    i.I2C_EEPROM_BuffRead  i2c.o
    0x08001c98   0x08001c98   0x00000074   Code   RO          378    i.I2C_EEPROM_BuffWrite  i2c.o
    0x08001d0c   0x08001d0c   0x00000064   Code   RO          379    i.I2C_EEPROM_WRTest  i2c.o
    0x08001d70   0x08001d70   0x0000002e   Code   RO         1685    i.I2C_IsAcknowledgeFailed  stm32f1xx_hal_i2c.o
    0x08001d9e   0x08001d9e   0x00000002   PAD
    0x08001da0   0x08001da0   0x000000fc   Code   RO         1695    i.I2C_RequestMemoryRead  stm32f1xx_hal_i2c.o
    0x08001e9c   0x08001e9c   0x000000a8   Code   RO         1696    i.I2C_RequestMemoryWrite  stm32f1xx_hal_i2c.o
    0x08001f44   0x08001f44   0x00000056   Code   RO         1700    i.I2C_WaitOnBTFFlagUntilTimeout  stm32f1xx_hal_i2c.o
    0x08001f9a   0x08001f9a   0x00000002   PAD
    0x08001f9c   0x08001f9c   0x00000090   Code   RO         1701    i.I2C_WaitOnFlagUntilTimeout  stm32f1xx_hal_i2c.o
    0x0800202c   0x0800202c   0x000000bc   Code   RO         1702    i.I2C_WaitOnMasterAddressFlagUntilTimeout  stm32f1xx_hal_i2c.o
    0x080020e8   0x080020e8   0x00000070   Code   RO         1703    i.I2C_WaitOnRXNEFlagUntilTimeout  stm32f1xx_hal_i2c.o
    0x08002158   0x08002158   0x00000056   Code   RO         1704    i.I2C_WaitOnTXEFlagUntilTimeout  stm32f1xx_hal_i2c.o
    0x080021ae   0x080021ae   0x00000002   PAD
    0x080021b0   0x080021b0   0x00000040   Code   RO          295    i.MX_FREERTOS_Init  freertos.o
    0x080021f0   0x080021f0   0x00000094   Code   RO          184    i.MX_GPIO_Init      gpio.o
    0x08002284   0x08002284   0x00000040   Code   RO          381    i.MX_I2C1_Init      i2c.o
    0x080022c4   0x080022c4   0x00000044   Code   RO          444    i.MX_USART1_UART_Init  usart.o
    0x08002308   0x08002308   0x00000002   Code   RO          488    i.MemManage_Handler  stm32f1xx_it.o
    0x0800230a   0x0800230a   0x00000002   Code   RO          489    i.NMI_Handler       stm32f1xx_it.o
    0x0800230c   0x0800230c   0x00000008   Code   RO          296    i.StartDefaultTask  freertos.o
    0x08002314   0x08002314   0x0000002c   Code   RO         4982    i.SysTick_Handler   port.o
    0x08002340   0x08002340   0x0000005e   Code   RO           15    i.SystemClock_Config  main.o
    0x0800239e   0x0800239e   0x00000002   Code   RO         3405    i.SystemInit        system_stm32f1xx.o
    0x080023a0   0x080023a0   0x0000000c   Code   RO          490    i.TIM6_IRQHandler   stm32f1xx_it.o
    0x080023ac   0x080023ac   0x0000008c   Code   RO         2163    i.TIM_Base_SetConfig  stm32f1xx_hal_tim.o
    0x08002438   0x08002438   0x00000010   Code   RO         3084    i.UART_DMAAbortOnError  stm32f1xx_hal_uart.o
    0x08002448   0x08002448   0x0000004e   Code   RO         3094    i.UART_EndRxTransfer  stm32f1xx_hal_uart.o
    0x08002496   0x08002496   0x000000c2   Code   RO         3096    i.UART_Receive_IT   stm32f1xx_hal_uart.o
    0x08002558   0x08002558   0x000000b8   Code   RO         3097    i.UART_SetConfig    stm32f1xx_hal_uart.o
    0x08002610   0x08002610   0x00000036   Code   RO         3099    i.UART_Start_Receive_IT  stm32f1xx_hal_uart.o
    0x08002646   0x08002646   0x00000078   Code   RO         3100    i.UART_WaitOnFlagUntilTimeout  stm32f1xx_hal_uart.o
    0x080026be   0x080026be   0x00000002   PAD
    0x080026c0   0x080026c0   0x0000001c   Code   RO          491    i.USART1_IRQHandler  stm32f1xx_it.o
    0x080026dc   0x080026dc   0x00000002   Code   RO          492    i.UsageFault_Handler  stm32f1xx_it.o
    0x080026de   0x080026de   0x00000020   Code   RO         1144    i.__NVIC_SetPriority  stm32f1xx_hal_cortex.o
    0x080026fe   0x080026fe   0x00000002   PAD
    0x08002700   0x08002700   0x00000054   Code   RO           16    i.main              main.o
    0x08002754   0x08002754   0x00000038   Code   RO          297    i.myTask            freertos.o
    0x0800278c   0x0800278c   0x00000034   Code   RO         4511    i.osDelay           cmsis_os2.o
    0x080027c0   0x080027c0   0x00000038   Code   RO         4525    i.osKernelInitialize  cmsis_os2.o
    0x080027f8   0x080027f8   0x00000040   Code   RO         4528    i.osKernelStart     cmsis_os2.o
    0x08002838   0x08002838   0x000000a4   Code   RO         4562    i.osThreadNew       cmsis_os2.o
    0x080028dc   0x080028dc   0x0000005c   Code   RO         4007    i.prvAddCurrentTaskToDelayedList  tasks.o
    0x08002938   0x08002938   0x000000d0   Code   RO         4008    i.prvAddNewTaskToReadyList  tasks.o
    0x08002a08   0x08002a08   0x00000058   Code   RO         4357    i.prvCheckForValidListAndQueue  timers.o
    0x08002a60   0x08002a60   0x00000026   Code   RO         3610    i.prvCopyDataFromQueue  queue.o
    0x08002a86   0x08002a86   0x0000006c   Code   RO         3611    i.prvCopyDataToQueue  queue.o
    0x08002af2   0x08002af2   0x00000034   Code   RO         4009    i.prvDeleteTCB      tasks.o
    0x08002b26   0x08002b26   0x00000002   PAD
    0x08002b28   0x08002b28   0x0000004c   Code   RO         4932    i.prvHeapInit       heap_4.o
    0x08002b74   0x08002b74   0x00000060   Code   RO         4010    i.prvIdleTask       tasks.o
    0x08002bd4   0x08002bd4   0x00000022   Code   RO         3613    i.prvInitialiseNewQueue  queue.o
    0x08002bf6   0x08002bf6   0x0000009c   Code   RO         4011    i.prvInitialiseNewTask  tasks.o
    0x08002c92   0x08002c92   0x00000002   PAD
    0x08002c94   0x08002c94   0x0000004c   Code   RO         4933    i.prvInsertBlockIntoFreeList  heap_4.o
    0x08002ce0   0x08002ce0   0x00000038   Code   RO         4359    i.prvInsertTimerInActiveList  timers.o
    0x08002d18   0x08002d18   0x0000001c   Code   RO         3614    i.prvIsQueueEmpty   queue.o
    0x08002d34   0x08002d34   0x000000cc   Code   RO         4360    i.prvProcessReceivedCommands  timers.o
    0x08002e00   0x08002e00   0x000000b4   Code   RO         4361    i.prvProcessTimerOrBlockTask  timers.o
    0x08002eb4   0x08002eb4   0x00000020   Code   RO         4013    i.prvResetNextTaskUnblockTime  tasks.o
    0x08002ed4   0x08002ed4   0x00000028   Code   RO         4362    i.prvSampleTimeNow  timers.o
    0x08002efc   0x08002efc   0x0000006c   Code   RO         4363    i.prvSwitchTimerLists  timers.o
    0x08002f68   0x08002f68   0x00000028   Code   RO         4983    i.prvTaskExitError  port.o
    0x08002f90   0x08002f90   0x00000024   Code   RO         4364    i.prvTimerTask      timers.o
    0x08002fb4   0x08002fb4   0x0000006a   Code   RO         3615    i.prvUnlockQueue    queue.o
    0x0800301e   0x0800301e   0x00000002   PAD
    0x08003020   0x08003020   0x000000d8   Code   RO         4934    i.pvPortMalloc      heap_4.o
    0x080030f8   0x080030f8   0x00000024   Code   RO         4984    i.pxPortInitialiseStack  port.o
    0x0800311c   0x0800311c   0x00000026   Code   RO         3570    i.uxListRemove      list.o
    0x08003142   0x08003142   0x00000002   PAD
    0x08003144   0x08003144   0x00000014   Code   RO         4574    i.vApplicationGetIdleTaskMemory  cmsis_os2.o
    0x08003158   0x08003158   0x00000018   Code   RO         4575    i.vApplicationGetTimerTaskMemory  cmsis_os2.o
    0x08003170   0x08003170   0x00000016   Code   RO         3571    i.vListInitialise   list.o
    0x08003186   0x08003186   0x00000006   Code   RO         3572    i.vListInitialiseItem  list.o
    0x0800318c   0x0800318c   0x00000030   Code   RO         3573    i.vListInsert       list.o
    0x080031bc   0x080031bc   0x00000018   Code   RO         3574    i.vListInsertEnd    list.o
    0x080031d4   0x080031d4   0x00000040   Code   RO         4986    i.vPortEnterCritical  port.o
    0x08003214   0x08003214   0x00000028   Code   RO         4987    i.vPortExitCritical  port.o
    0x0800323c   0x0800323c   0x0000005c   Code   RO         4935    i.vPortFree         heap_4.o
    0x08003298   0x08003298   0x00000024   Code   RO         4988    i.vPortSetupTimerInterrupt  port.o
    0x080032bc   0x080032bc   0x00000054   Code   RO         4989    i.vPortValidateInterruptPriority  port.o
    0x08003310   0x08003310   0x00000028   Code   RO         3621    i.vQueueAddToRegistry  queue.o
    0x08003338   0x08003338   0x00000044   Code   RO         3625    i.vQueueWaitForMessageRestricted  queue.o
    0x0800337c   0x0800337c   0x0000004c   Code   RO         4025    i.vTaskDelay        tasks.o
    0x080033c8   0x080033c8   0x00000010   Code   RO         4030    i.vTaskInternalSetTimeOutState  tasks.o
    0x080033d8   0x080033d8   0x0000000c   Code   RO         4031    i.vTaskMissedYield  tasks.o
    0x080033e4   0x080033e4   0x00000030   Code   RO         4033    i.vTaskPlaceOnEventList  tasks.o
    0x08003414   0x08003414   0x00000038   Code   RO         4034    i.vTaskPlaceOnEventListRestricted  tasks.o
    0x0800344c   0x0800344c   0x00000088   Code   RO         4042    i.vTaskStartScheduler  tasks.o
    0x080034d4   0x080034d4   0x00000010   Code   RO         4044    i.vTaskSuspendAll   tasks.o
    0x080034e4   0x080034e4   0x00000064   Code   RO         4045    i.vTaskSwitchContext  tasks.o
    0x08003548   0x08003548   0x000000a8   Code   RO         4990    i.xPortStartScheduler  port.o
    0x080035f0   0x080035f0   0x00000066   Code   RO         3631    i.xQueueGenericCreateStatic  queue.o
    0x08003656   0x08003656   0x00000002   PAD
    0x08003658   0x08003658   0x00000088   Code   RO         3632    i.xQueueGenericReset  queue.o
    0x080036e0   0x080036e0   0x00000160   Code   RO         3633    i.xQueueGenericSend  queue.o
    0x08003840   0x08003840   0x000000bc   Code   RO         3634    i.xQueueGenericSendFromISR  queue.o
    0x080038fc   0x080038fc   0x00000138   Code   RO         3643    i.xQueueReceive     queue.o
    0x08003a34   0x08003a34   0x00000074   Code   RO         4046    i.xTaskCheckForTimeOut  tasks.o
    0x08003aa8   0x08003aa8   0x0000005a   Code   RO         4047    i.xTaskCreate       tasks.o
    0x08003b02   0x08003b02   0x00000056   Code   RO         4048    i.xTaskCreateStatic  tasks.o
    0x08003b58   0x08003b58   0x0000001c   Code   RO         4052    i.xTaskGetSchedulerState  tasks.o
    0x08003b74   0x08003b74   0x0000000c   Code   RO         4053    i.xTaskGetTickCount  tasks.o
    0x08003b80   0x08003b80   0x000000c8   Code   RO         4055    i.xTaskIncrementTick  tasks.o
    0x08003c48   0x08003c48   0x00000080   Code   RO         4058    i.xTaskPriorityDisinherit  tasks.o
    0x08003cc8   0x08003cc8   0x00000070   Code   RO         4060    i.xTaskRemoveFromEventList  tasks.o
    0x08003d38   0x08003d38   0x000000c4   Code   RO         4061    i.xTaskResumeAll    tasks.o
    0x08003dfc   0x08003dfc   0x00000060   Code   RO         4371    i.xTimerCreateTimerTask  timers.o
    0x08003e5c   0x08003e5c   0x00000068   Code   RO         4372    i.xTimerGenericCommand  timers.o
    0x08003ec4   0x08003ec4   0x00000024   Data   RO          298    .constdata          freertos.o
    0x08003ee8   0x08003ee8   0x00000012   Data   RO          842    .constdata          stm32f1xx_hal_rcc.o
    0x08003efa   0x08003efa   0x00000010   Data   RO         3406    .constdata          system_stm32f1xx.o
    0x08003f0a   0x08003f0a   0x00000008   Data   RO         3407    .constdata          system_stm32f1xx.o
    0x08003f12   0x08003f12   0x00000002   PAD
    0x08003f14   0x08003f14   0x0000000c   Data   RO          299    .conststring        freertos.o
    0x08003f20   0x08003f20   0x00000020   Data   RO         5233    Region$$Table       anon$$obj.o


    Execution Region RW_IRAM1 (Exec base: 0x20000000, Load base: 0x08003f40, Size: 0x000020a8, Max: 0x00010000, ABSOLUTE)

    Exec Addr    Load Addr    Size         Type   Attr      Idx    E Section Name        Object

    0x20000000   0x08003f40   0x00000004   Data   RW          300    .data               freertos.o
    0x20000004   0x08003f44   0x00000001   Data   RW          446    .data               usart.o
    0x20000005   0x08003f45   0x00000003   PAD
    0x20000008   0x08003f48   0x0000000c   Data   RW          679    .data               stm32f1xx_hal.o
    0x20000014   0x08003f54   0x00000004   Data   RW         3408    .data               system_stm32f1xx.o
    0x20000018   0x08003f58   0x0000003c   Data   RW         4064    .data               tasks.o
    0x20000054   0x08003f94   0x00000014   Data   RW         4380    .data               timers.o
    0x20000068   0x08003fa8   0x00000004   Data   RW         4577    .data               cmsis_os2.o
    0x2000006c   0x08003fac   0x00000018   Data   RW         4940    .data               heap_4.o
    0x20000084   0x08003fc4   0x0000000c   Data   RW         4991    .data               port.o
    0x20000090        -       0x00000054   Zero   RW          382    .bss                i2c.o
    0x200000e4        -       0x00000048   Zero   RW          445    .bss                usart.o
    0x2000012c        -       0x00000048   Zero   RW          582    .bss                stm32f1xx_hal_timebase_tim.o
    0x20000174        -       0x00000040   Zero   RW         3647    .bss                queue.o
    0x200001b4        -       0x000004c4   Zero   RW         4063    .bss                tasks.o
    0x20000678        -       0x00000118   Zero   RW         4379    .bss                timers.o
    0x20000790        -       0x000006b8   Zero   RW         4576    .bss                cmsis_os2.o
    0x20000e48        -       0x00000c00   Zero   RW         4939    .bss                heap_4.o
    0x20001a48        -       0x00000060   Zero   RW         5105    .bss                c_w.l(libspace.o)
    0x20001aa8        -       0x00000200   Zero   RW            2    HEAP                startup_stm32f103xe.o
    0x20001ca8        -       0x00000400   Zero   RW            1    STACK               startup_stm32f103xe.o


==============================================================================

Image component sizes


      Code (inc. data)   RO Data    RW Data    ZI Data      Debug   Object Name

       380         32          0          4       1720      14078   cmsis_os2.o
         0          0          0          0          0      20072   event_groups.o
       128         46         48          4          0      12719   freertos.o
       148         16          0          0          0     489863   gpio.o
       460         24          0         24       3072       4523   heap_4.o
       444        104          0          0         84       3303   i2c.o
       138          0          0          0          0       3246   list.o
       202         28          0          0          0     492948   main.o
       662         70          0         12          0      10505   port.o
      1512         20          0          0         64      16512   queue.o
        64         26        304          0       1536        784   startup_stm32f103xe.o
       100         18          0         12          0       5674   stm32f1xx_hal.o
       158         14          0          0          0      28062   stm32f1xx_hal_cortex.o
       374          8          0          0          0       1755   stm32f1xx_hal_dma.o
       530         42          0          0          0       3409   stm32f1xx_hal_gpio.o
      2740         66          0          0          0      14585   stm32f1xx_hal_i2c.o
        68         10          0          0          0        814   stm32f1xx_hal_msp.o
      1304         94         18          0          0       5557   stm32f1xx_hal_rcc.o
       706         40          0          0          0       6836   stm32f1xx_hal_tim.o
         4          0          0          0          0       1501   stm32f1xx_hal_tim_ex.o
       152         20          0          0         72       1399   stm32f1xx_hal_timebase_tim.o
      1556         10          0          0          0      11006   stm32f1xx_hal_uart.o
        52         10          0          0          0       3279   stm32f1xx_it.o
         0          0          0          0          0       8896   stream_buffer.o
         2          0         24          4          0       1035   system_stm32f1xx.o
      2064        170          0         60       1220      22588   tasks.o
       912         82          0         20        280      25619   timers.o
       196         26          0          1         72       1620   usart.o

    ----------------------------------------------------------------------
     15086        976        428        144       8120    1212188   Object Totals
         0          0         32          0          0          0   (incl. Generated)
        30          0          2          3          0          0   (incl. Padding)

    ----------------------------------------------------------------------

      Code (inc. data)   RO Data    RW Data    ZI Data      Debug   Library Member Name

         8          0          0          0          0         68   __main.o
         0          0          0          0          0          0   __rtentry.o
        12          0          0          0          0          0   __rtentry2.o
         6          0          0          0          0          0   __rtentry4.o
        52          8          0          0          0          0   __scatter.o
        26          0          0          0          0          0   __scatter_copy.o
        28          0          0          0          0          0   __scatter_zi.o
        16          0          0          0          0         68   aeabi_memset.o
        18          0          0          0          0         80   exit.o
         6          0          0          0          0        152   heapauxi.o
         0          0          0          0          0          0   indicate_semi.o
         2          0          0          0          0          0   libinit.o
         2          0          0          0          0          0   libinit2.o
         2          0          0          0          0          0   libshutdown.o
         2          0          0          0          0          0   libshutdown2.o
         8          4          0          0         96         68   libspace.o
        68          0          0          0          0         68   rt_memclr.o
        78          0          0          0          0         80   rt_memclr_w.o
       138          0          0          0          0         68   rt_memcpy_v6.o
       100          0          0          0          0         80   rt_memcpy_w.o
         2          0          0          0          0          0   rtexit.o
        10          0          0          0          0          0   rtexit2.o
        12          4          0          0          0         68   sys_exit.o
        74          0          0          0          0         80   sys_stackheap_outer.o
         2          0          0          0          0         68   use_no_semi.o

    ----------------------------------------------------------------------
       678         16          0          0         96        948   Library Totals
         6          0          0          0          0          0   (incl. Padding)

    ----------------------------------------------------------------------

      Code (inc. data)   RO Data    RW Data    ZI Data      Debug   Library Name

       672         16          0          0         96        948   c_w.l

    ----------------------------------------------------------------------
       678         16          0          0         96        948   Library Totals

    ----------------------------------------------------------------------

==============================================================================


      Code (inc. data)   RO Data    RW Data    ZI Data      Debug   

     15764        992        428        144       8216    1205124   Grand Totals
     15764        992        428        144       8216    1205124   ELF Image Totals
     15764        992        428        144          0          0   ROM Totals

==============================================================================

    Total RO  Size (Code + RO Data)                16192 (  15.81kB)
    Total RW  Size (RW Data + ZI Data)              8360 (   8.16kB)
    Total ROM Size (Code + RO Data + RW Data)      16336 (  15.95kB)

==============================================================================

